The target system is: Android - 1 - i686
The host system is: Darwin - 24.0.0 - arm64
Compiling the C compiler identification source file "CMakeCCompilerId.c" succeeded.
Compiler: /Users/yizeren/Library/Android/sdk/ndk/27.0.12077973/toolchains/llvm/prebuilt/darwin-x86_64/bin/clang 
Build flags: -g;-DANDROID;-fdata-sections;-ffunction-sections;-funwind-tables;-fstack-protector-strong;-no-canonical-prefixes;-D_FORTIFY_SOURCE=2;-Wformat;-Werror=format-security;
Id flags: -c;--target=i686-none-linux-android30 

The output was:
0


Compilation of the C compiler identification source "CMakeCCompilerId.c" produced "CMakeCCompilerId.o"

The C compiler identification is Clang, found in "/Users/yizeren/AndroidSynth/app/.cxx/Debug/2k2y1623/x86/CMakeFiles/3.22.1-g37088a8/CompilerIdC/CMakeCCompilerId.o"

Compiling the CXX compiler identification source file "CMakeCXXCompilerId.cpp" succeeded.
Compiler: /Users/yizeren/Library/Android/sdk/ndk/27.0.12077973/toolchains/llvm/prebuilt/darwin-x86_64/bin/clang++ 
Build flags: -g;-DANDROID;-fdata-sections;-ffunction-sections;-funwind-tables;-fstack-protector-strong;-no-canonical-prefixes;-D_FORTIFY_SOURCE=2;-Wformat;-Werror=format-security;;
Id flags: -c;--target=i686-none-linux-android30 

The output was:
0


Compilation of the CXX compiler identification source "CMakeCXXCompilerId.cpp" produced "CMakeCXXCompilerId.o"

The CXX compiler identification is Clang, found in "/Users/yizeren/AndroidSynth/app/.cxx/Debug/2k2y1623/x86/CMakeFiles/3.22.1-g37088a8/CompilerIdCXX/CMakeCXXCompilerId.o"

Detecting C compiler ABI info compiled with the following output:
Change Dir: /Users/yizeren/AndroidSynth/app/.cxx/Debug/2k2y1623/x86/CMakeFiles/CMakeTmp

Run Build Command(s):/Users/yizeren/Library/Android/sdk/cmake/3.22.1/bin/ninja cmTC_3c23f && [1/2] Building C object CMakeFiles/cmTC_3c23f.dir/CMakeCCompilerABI.c.o
Android (12027248, +pgo, -bolt, +lto, -mlgo, based on r522817) clang version 18.0.1 (https://android.googlesource.com/toolchain/llvm-project d8003a456d14a3deb8054cdaa529ffbf02d9b262)
Target: i686-none-linux-android30
Thread model: posix
InstalledDir: /Users/yizeren/Library/Android/sdk/ndk/27.0.12077973/toolchains/llvm/prebuilt/darwin-x86_64/bin
 (in-process)
 "/Users/yizeren/Library/Android/sdk/ndk/27.0.12077973/toolchains/llvm/prebuilt/darwin-x86_64/bin/clang" -cc1 -triple i686-none-linux-android30 -emit-obj -mrelax-all -disable-free -clear-ast-before-backend -disable-llvm-verifier -discard-value-names -main-file-name CMakeCCompilerABI.c -mrelocation-model pic -pic-level 2 -pic-is-pie -mframe-pointer=all -ffp-contract=on -fno-rounding-math -mconstructor-aliases -funwind-tables=2 -target-cpu i686 -target-feature +ssse3 -tune-cpu generic -debug-info-kind=constructor -dwarf-version=4 -debugger-tuning=gdb -fdebug-compilation-dir=/Users/yizeren/AndroidSynth/app/.cxx/Debug/2k2y1623/x86/CMakeFiles/CMakeTmp -v -ffunction-sections -fdata-sections -fcoverage-compilation-dir=/Users/yizeren/AndroidSynth/app/.cxx/Debug/2k2y1623/x86/CMakeFiles/CMakeTmp -resource-dir /Users/yizeren/Library/Android/sdk/ndk/27.0.12077973/toolchains/llvm/prebuilt/darwin-x86_64/lib/clang/18 -dependency-file CMakeFiles/cmTC_3c23f.dir/CMakeCCompilerABI.c.o.d -MT CMakeFiles/cmTC_3c23f.dir/CMakeCCompilerABI.c.o -sys-header-deps -D ANDROID -D _FORTIFY_SOURCE=2 -isysroot /Users/yizeren/Library/Android/sdk/ndk/27.0.12077973/toolchains/llvm/prebuilt/darwin-x86_64/sysroot -internal-isystem /Users/yizeren/Library/Android/sdk/ndk/27.0.12077973/toolchains/llvm/prebuilt/darwin-x86_64/lib/clang/18/include -internal-isystem /Users/yizeren/Library/Android/sdk/ndk/27.0.12077973/toolchains/llvm/prebuilt/darwin-x86_64/sysroot/usr/local/include -internal-externc-isystem /Users/yizeren/Library/Android/sdk/ndk/27.0.12077973/toolchains/llvm/prebuilt/darwin-x86_64/sysroot/usr/include/i686-linux-android -internal-externc-isystem /Users/yizeren/Library/Android/sdk/ndk/27.0.12077973/toolchains/llvm/prebuilt/darwin-x86_64/sysroot/include -internal-externc-isystem /Users/yizeren/Library/Android/sdk/ndk/27.0.12077973/toolchains/llvm/prebuilt/darwin-x86_64/sysroot/usr/include -Wformat -ferror-limit 19 -stack-protector 2 -fgnuc-version=4.2.1 -D__GCC_HAVE_DWARF2_CFI_ASM=1 -o CMakeFiles/cmTC_3c23f.dir/CMakeCCompilerABI.c.o -x c /Users/yizeren/Library/Android/sdk/cmake/3.22.1/share/cmake-3.22/Modules/CMakeCCompilerABI.c
clang -cc1 version 18.0.1 based upon LLVM 18.0.1 default target x86_64-apple-darwin24.0.0
ignoring nonexistent directory "/Users/yizeren/Library/Android/sdk/ndk/27.0.12077973/toolchains/llvm/prebuilt/darwin-x86_64/sysroot/usr/local/include"
ignoring nonexistent directory "/Users/yizeren/Library/Android/sdk/ndk/27.0.12077973/toolchains/llvm/prebuilt/darwin-x86_64/sysroot/include"
#include "..." search starts here:
#include <...> search starts here:
 /Users/yizeren/Library/Android/sdk/ndk/27.0.12077973/toolchains/llvm/prebuilt/darwin-x86_64/lib/clang/18/include
 /Users/yizeren/Library/Android/sdk/ndk/27.0.12077973/toolchains/llvm/prebuilt/darwin-x86_64/sysroot/usr/include/i686-linux-android
 /Users/yizeren/Library/Android/sdk/ndk/27.0.12077973/toolchains/llvm/prebuilt/darwin-x86_64/sysroot/usr/include
End of search list.
[2/2] Linking C executable cmTC_3c23f
Android (12027248, +pgo, -bolt, +lto, -mlgo, based on r522817) clang version 18.0.1 (https://android.googlesource.com/toolchain/llvm-project d8003a456d14a3deb8054cdaa529ffbf02d9b262)
Target: i686-none-linux-android30
Thread model: posix
InstalledDir: /Users/yizeren/Library/Android/sdk/ndk/27.0.12077973/toolchains/llvm/prebuilt/darwin-x86_64/bin
 "/Users/yizeren/Library/Android/sdk/ndk/27.0.12077973/toolchains/llvm/prebuilt/darwin-x86_64/bin/ld.lld" --sysroot=/Users/yizeren/Library/Android/sdk/ndk/27.0.12077973/toolchains/llvm/prebuilt/darwin-x86_64/sysroot -z now -z relro --hash-style=gnu --eh-frame-hdr -m elf_i386 -pie -dynamic-linker /system/bin/linker -o cmTC_3c23f /Users/yizeren/Library/Android/sdk/ndk/27.0.12077973/toolchains/llvm/prebuilt/darwin-x86_64/sysroot/usr/lib/i686-linux-android/30/crtbegin_dynamic.o -L/Users/yizeren/Library/Android/sdk/ndk/27.0.12077973/toolchains/llvm/prebuilt/darwin-x86_64/lib/clang/18/lib/linux/i386 -L/Users/yizeren/Library/Android/sdk/ndk/27.0.12077973/toolchains/llvm/prebuilt/darwin-x86_64/sysroot/usr/lib/i686-linux-android/30 -L/Users/yizeren/Library/Android/sdk/ndk/27.0.12077973/toolchains/llvm/prebuilt/darwin-x86_64/sysroot/usr/lib/i686-linux-android -L/Users/yizeren/Library/Android/sdk/ndk/27.0.12077973/toolchains/llvm/prebuilt/darwin-x86_64/sysroot/usr/lib --build-id=sha1 --no-undefined-version --fatal-warnings --no-undefined CMakeFiles/cmTC_3c23f.dir/CMakeCCompilerABI.c.o /Users/yizeren/Library/Android/sdk/ndk/27.0.12077973/toolchains/llvm/prebuilt/darwin-x86_64/lib/clang/18/lib/linux/libclang_rt.builtins-i686-android.a -l:libunwind.a -ldl -lc /Users/yizeren/Library/Android/sdk/ndk/27.0.12077973/toolchains/llvm/prebuilt/darwin-x86_64/lib/clang/18/lib/linux/libclang_rt.builtins-i686-android.a -l:libunwind.a -ldl /Users/yizeren/Library/Android/sdk/ndk/27.0.12077973/toolchains/llvm/prebuilt/darwin-x86_64/sysroot/usr/lib/i686-linux-android/30/crtend_android.o



Parsed C implicit include dir info from above output: rv=done
  found start of include info
  found start of implicit include info
    add: [/Users/yizeren/Library/Android/sdk/ndk/27.0.12077973/toolchains/llvm/prebuilt/darwin-x86_64/lib/clang/18/include]
    add: [/Users/yizeren/Library/Android/sdk/ndk/27.0.12077973/toolchains/llvm/prebuilt/darwin-x86_64/sysroot/usr/include/i686-linux-android]
    add: [/Users/yizeren/Library/Android/sdk/ndk/27.0.12077973/toolchains/llvm/prebuilt/darwin-x86_64/sysroot/usr/include]
  end of search list found
  collapse include dir [/Users/yizeren/Library/Android/sdk/ndk/27.0.12077973/toolchains/llvm/prebuilt/darwin-x86_64/lib/clang/18/include] ==> [/Users/yizeren/Library/Android/sdk/ndk/27.0.12077973/toolchains/llvm/prebuilt/darwin-x86_64/lib/clang/18/include]
  collapse include dir [/Users/yizeren/Library/Android/sdk/ndk/27.0.12077973/toolchains/llvm/prebuilt/darwin-x86_64/sysroot/usr/include/i686-linux-android] ==> [/Users/yizeren/Library/Android/sdk/ndk/27.0.12077973/toolchains/llvm/prebuilt/darwin-x86_64/sysroot/usr/include/i686-linux-android]
  collapse include dir [/Users/yizeren/Library/Android/sdk/ndk/27.0.12077973/toolchains/llvm/prebuilt/darwin-x86_64/sysroot/usr/include] ==> [/Users/yizeren/Library/Android/sdk/ndk/27.0.12077973/toolchains/llvm/prebuilt/darwin-x86_64/sysroot/usr/include]
  implicit include dirs: [/Users/yizeren/Library/Android/sdk/ndk/27.0.12077973/toolchains/llvm/prebuilt/darwin-x86_64/lib/clang/18/include;/Users/yizeren/Library/Android/sdk/ndk/27.0.12077973/toolchains/llvm/prebuilt/darwin-x86_64/sysroot/usr/include/i686-linux-android;/Users/yizeren/Library/Android/sdk/ndk/27.0.12077973/toolchains/llvm/prebuilt/darwin-x86_64/sysroot/usr/include]


Parsed C implicit link information from above output:
  link line regex: [^( *|.*[/\])(ld\.lld|CMAKE_LINK_STARTFILE-NOTFOUND|([^/\]+-)?ld|collect2)[^/\]*( |$)]
  ignore line: [Change Dir: /Users/yizeren/AndroidSynth/app/.cxx/Debug/2k2y1623/x86/CMakeFiles/CMakeTmp]
  ignore line: []
  ignore line: [Run Build Command(s):/Users/yizeren/Library/Android/sdk/cmake/3.22.1/bin/ninja cmTC_3c23f && [1/2] Building C object CMakeFiles/cmTC_3c23f.dir/CMakeCCompilerABI.c.o]
  ignore line: [Android (12027248  +pgo  -bolt  +lto  -mlgo  based on r522817) clang version 18.0.1 (https://android.googlesource.com/toolchain/llvm-project d8003a456d14a3deb8054cdaa529ffbf02d9b262)]
  ignore line: [Target: i686-none-linux-android30]
  ignore line: [Thread model: posix]
  ignore line: [InstalledDir: /Users/yizeren/Library/Android/sdk/ndk/27.0.12077973/toolchains/llvm/prebuilt/darwin-x86_64/bin]
  ignore line: [ (in-process)]
  ignore line: [ "/Users/yizeren/Library/Android/sdk/ndk/27.0.12077973/toolchains/llvm/prebuilt/darwin-x86_64/bin/clang" -cc1 -triple i686-none-linux-android30 -emit-obj -mrelax-all -disable-free -clear-ast-before-backend -disable-llvm-verifier -discard-value-names -main-file-name CMakeCCompilerABI.c -mrelocation-model pic -pic-level 2 -pic-is-pie -mframe-pointer=all -ffp-contract=on -fno-rounding-math -mconstructor-aliases -funwind-tables=2 -target-cpu i686 -target-feature +ssse3 -tune-cpu generic -debug-info-kind=constructor -dwarf-version=4 -debugger-tuning=gdb -fdebug-compilation-dir=/Users/yizeren/AndroidSynth/app/.cxx/Debug/2k2y1623/x86/CMakeFiles/CMakeTmp -v -ffunction-sections -fdata-sections -fcoverage-compilation-dir=/Users/yizeren/AndroidSynth/app/.cxx/Debug/2k2y1623/x86/CMakeFiles/CMakeTmp -resource-dir /Users/yizeren/Library/Android/sdk/ndk/27.0.12077973/toolchains/llvm/prebuilt/darwin-x86_64/lib/clang/18 -dependency-file CMakeFiles/cmTC_3c23f.dir/CMakeCCompilerABI.c.o.d -MT CMakeFiles/cmTC_3c23f.dir/CMakeCCompilerABI.c.o -sys-header-deps -D ANDROID -D _FORTIFY_SOURCE=2 -isysroot /Users/yizeren/Library/Android/sdk/ndk/27.0.12077973/toolchains/llvm/prebuilt/darwin-x86_64/sysroot -internal-isystem /Users/yizeren/Library/Android/sdk/ndk/27.0.12077973/toolchains/llvm/prebuilt/darwin-x86_64/lib/clang/18/include -internal-isystem /Users/yizeren/Library/Android/sdk/ndk/27.0.12077973/toolchains/llvm/prebuilt/darwin-x86_64/sysroot/usr/local/include -internal-externc-isystem /Users/yizeren/Library/Android/sdk/ndk/27.0.12077973/toolchains/llvm/prebuilt/darwin-x86_64/sysroot/usr/include/i686-linux-android -internal-externc-isystem /Users/yizeren/Library/Android/sdk/ndk/27.0.12077973/toolchains/llvm/prebuilt/darwin-x86_64/sysroot/include -internal-externc-isystem /Users/yizeren/Library/Android/sdk/ndk/27.0.12077973/toolchains/llvm/prebuilt/darwin-x86_64/sysroot/usr/include -Wformat -ferror-limit 19 -stack-protector 2 -fgnuc-version=4.2.1 -D__GCC_HAVE_DWARF2_CFI_ASM=1 -o CMakeFiles/cmTC_3c23f.dir/CMakeCCompilerABI.c.o -x c /Users/yizeren/Library/Android/sdk/cmake/3.22.1/share/cmake-3.22/Modules/CMakeCCompilerABI.c]
  ignore line: [clang -cc1 version 18.0.1 based upon LLVM 18.0.1 default target x86_64-apple-darwin24.0.0]
  ignore line: [ignoring nonexistent directory "/Users/yizeren/Library/Android/sdk/ndk/27.0.12077973/toolchains/llvm/prebuilt/darwin-x86_64/sysroot/usr/local/include"]
  ignore line: [ignoring nonexistent directory "/Users/yizeren/Library/Android/sdk/ndk/27.0.12077973/toolchains/llvm/prebuilt/darwin-x86_64/sysroot/include"]
  ignore line: [#include "..." search starts here:]
  ignore line: [#include <...> search starts here:]
  ignore line: [ /Users/yizeren/Library/Android/sdk/ndk/27.0.12077973/toolchains/llvm/prebuilt/darwin-x86_64/lib/clang/18/include]
  ignore line: [ /Users/yizeren/Library/Android/sdk/ndk/27.0.12077973/toolchains/llvm/prebuilt/darwin-x86_64/sysroot/usr/include/i686-linux-android]
  ignore line: [ /Users/yizeren/Library/Android/sdk/ndk/27.0.12077973/toolchains/llvm/prebuilt/darwin-x86_64/sysroot/usr/include]
  ignore line: [End of search list.]
  ignore line: [[2/2] Linking C executable cmTC_3c23f]
  ignore line: [Android (12027248  +pgo  -bolt  +lto  -mlgo  based on r522817) clang version 18.0.1 (https://android.googlesource.com/toolchain/llvm-project d8003a456d14a3deb8054cdaa529ffbf02d9b262)]
  ignore line: [Target: i686-none-linux-android30]
  ignore line: [Thread model: posix]
  ignore line: [InstalledDir: /Users/yizeren/Library/Android/sdk/ndk/27.0.12077973/toolchains/llvm/prebuilt/darwin-x86_64/bin]
  link line: [ "/Users/yizeren/Library/Android/sdk/ndk/27.0.12077973/toolchains/llvm/prebuilt/darwin-x86_64/bin/ld.lld" --sysroot=/Users/yizeren/Library/Android/sdk/ndk/27.0.12077973/toolchains/llvm/prebuilt/darwin-x86_64/sysroot -z now -z relro --hash-style=gnu --eh-frame-hdr -m elf_i386 -pie -dynamic-linker /system/bin/linker -o cmTC_3c23f /Users/yizeren/Library/Android/sdk/ndk/27.0.12077973/toolchains/llvm/prebuilt/darwin-x86_64/sysroot/usr/lib/i686-linux-android/30/crtbegin_dynamic.o -L/Users/yizeren/Library/Android/sdk/ndk/27.0.12077973/toolchains/llvm/prebuilt/darwin-x86_64/lib/clang/18/lib/linux/i386 -L/Users/yizeren/Library/Android/sdk/ndk/27.0.12077973/toolchains/llvm/prebuilt/darwin-x86_64/sysroot/usr/lib/i686-linux-android/30 -L/Users/yizeren/Library/Android/sdk/ndk/27.0.12077973/toolchains/llvm/prebuilt/darwin-x86_64/sysroot/usr/lib/i686-linux-android -L/Users/yizeren/Library/Android/sdk/ndk/27.0.12077973/toolchains/llvm/prebuilt/darwin-x86_64/sysroot/usr/lib --build-id=sha1 --no-undefined-version --fatal-warnings --no-undefined CMakeFiles/cmTC_3c23f.dir/CMakeCCompilerABI.c.o /Users/yizeren/Library/Android/sdk/ndk/27.0.12077973/toolchains/llvm/prebuilt/darwin-x86_64/lib/clang/18/lib/linux/libclang_rt.builtins-i686-android.a -l:libunwind.a -ldl -lc /Users/yizeren/Library/Android/sdk/ndk/27.0.12077973/toolchains/llvm/prebuilt/darwin-x86_64/lib/clang/18/lib/linux/libclang_rt.builtins-i686-android.a -l:libunwind.a -ldl /Users/yizeren/Library/Android/sdk/ndk/27.0.12077973/toolchains/llvm/prebuilt/darwin-x86_64/sysroot/usr/lib/i686-linux-android/30/crtend_android.o]
    arg [/Users/yizeren/Library/Android/sdk/ndk/27.0.12077973/toolchains/llvm/prebuilt/darwin-x86_64/bin/ld.lld] ==> ignore
    arg [--sysroot=/Users/yizeren/Library/Android/sdk/ndk/27.0.12077973/toolchains/llvm/prebuilt/darwin-x86_64/sysroot] ==> ignore
    arg [-znow] ==> ignore
    arg [-zrelro] ==> ignore
    arg [--hash-style=gnu] ==> ignore
    arg [--eh-frame-hdr] ==> ignore
    arg [-m] ==> ignore
    arg [elf_i386] ==> ignore
    arg [-pie] ==> ignore
    arg [-dynamic-linker] ==> ignore
    arg [/system/bin/linker] ==> ignore
    arg [-o] ==> ignore
    arg [cmTC_3c23f] ==> ignore
    arg [/Users/yizeren/Library/Android/sdk/ndk/27.0.12077973/toolchains/llvm/prebuilt/darwin-x86_64/sysroot/usr/lib/i686-linux-android/30/crtbegin_dynamic.o] ==> obj [/Users/yizeren/Library/Android/sdk/ndk/27.0.12077973/toolchains/llvm/prebuilt/darwin-x86_64/sysroot/usr/lib/i686-linux-android/30/crtbegin_dynamic.o]
    arg [-L/Users/yizeren/Library/Android/sdk/ndk/27.0.12077973/toolchains/llvm/prebuilt/darwin-x86_64/lib/clang/18/lib/linux/i386] ==> dir [/Users/yizeren/Library/Android/sdk/ndk/27.0.12077973/toolchains/llvm/prebuilt/darwin-x86_64/lib/clang/18/lib/linux/i386]
    arg [-L/Users/yizeren/Library/Android/sdk/ndk/27.0.12077973/toolchains/llvm/prebuilt/darwin-x86_64/sysroot/usr/lib/i686-linux-android/30] ==> dir [/Users/yizeren/Library/Android/sdk/ndk/27.0.12077973/toolchains/llvm/prebuilt/darwin-x86_64/sysroot/usr/lib/i686-linux-android/30]
    arg [-L/Users/yizeren/Library/Android/sdk/ndk/27.0.12077973/toolchains/llvm/prebuilt/darwin-x86_64/sysroot/usr/lib/i686-linux-android] ==> dir [/Users/yizeren/Library/Android/sdk/ndk/27.0.12077973/toolchains/llvm/prebuilt/darwin-x86_64/sysroot/usr/lib/i686-linux-android]
    arg [-L/Users/yizeren/Library/Android/sdk/ndk/27.0.12077973/toolchains/llvm/prebuilt/darwin-x86_64/sysroot/usr/lib] ==> dir [/Users/yizeren/Library/Android/sdk/ndk/27.0.12077973/toolchains/llvm/prebuilt/darwin-x86_64/sysroot/usr/lib]
    arg [--build-id=sha1] ==> ignore
    arg [--no-undefined-version] ==> ignore
    arg [--fatal-warnings] ==> ignore
    arg [--no-undefined] ==> ignore
    arg [CMakeFiles/cmTC_3c23f.dir/CMakeCCompilerABI.c.o] ==> ignore
    arg [/Users/yizeren/Library/Android/sdk/ndk/27.0.12077973/toolchains/llvm/prebuilt/darwin-x86_64/lib/clang/18/lib/linux/libclang_rt.builtins-i686-android.a] ==> lib [/Users/yizeren/Library/Android/sdk/ndk/27.0.12077973/toolchains/llvm/prebuilt/darwin-x86_64/lib/clang/18/lib/linux/libclang_rt.builtins-i686-android.a]
    arg [-l:libunwind.a] ==> lib [-l:libunwind.a]
    arg [-ldl] ==> lib [dl]
    arg [-lc] ==> lib [c]
    arg [/Users/yizeren/Library/Android/sdk/ndk/27.0.12077973/toolchains/llvm/prebuilt/darwin-x86_64/lib/clang/18/lib/linux/libclang_rt.builtins-i686-android.a] ==> lib [/Users/yizeren/Library/Android/sdk/ndk/27.0.12077973/toolchains/llvm/prebuilt/darwin-x86_64/lib/clang/18/lib/linux/libclang_rt.builtins-i686-android.a]
    arg [-l:libunwind.a] ==> lib [-l:libunwind.a]
    arg [-ldl] ==> lib [dl]
    arg [/Users/yizeren/Library/Android/sdk/ndk/27.0.12077973/toolchains/llvm/prebuilt/darwin-x86_64/sysroot/usr/lib/i686-linux-android/30/crtend_android.o] ==> obj [/Users/yizeren/Library/Android/sdk/ndk/27.0.12077973/toolchains/llvm/prebuilt/darwin-x86_64/sysroot/usr/lib/i686-linux-android/30/crtend_android.o]
  remove lib [/Users/yizeren/Library/Android/sdk/ndk/27.0.12077973/toolchains/llvm/prebuilt/darwin-x86_64/lib/clang/18/lib/linux/libclang_rt.builtins-i686-android.a]
  remove lib [/Users/yizeren/Library/Android/sdk/ndk/27.0.12077973/toolchains/llvm/prebuilt/darwin-x86_64/lib/clang/18/lib/linux/libclang_rt.builtins-i686-android.a]
  collapse library dir [/Users/yizeren/Library/Android/sdk/ndk/27.0.12077973/toolchains/llvm/prebuilt/darwin-x86_64/lib/clang/18/lib/linux/i386] ==> [/Users/yizeren/Library/Android/sdk/ndk/27.0.12077973/toolchains/llvm/prebuilt/darwin-x86_64/lib/clang/18/lib/linux/i386]
  collapse library dir [/Users/yizeren/Library/Android/sdk/ndk/27.0.12077973/toolchains/llvm/prebuilt/darwin-x86_64/sysroot/usr/lib/i686-linux-android/30] ==> [/Users/yizeren/Library/Android/sdk/ndk/27.0.12077973/toolchains/llvm/prebuilt/darwin-x86_64/sysroot/usr/lib/i686-linux-android/30]
  collapse library dir [/Users/yizeren/Library/Android/sdk/ndk/27.0.12077973/toolchains/llvm/prebuilt/darwin-x86_64/sysroot/usr/lib/i686-linux-android] ==> [/Users/yizeren/Library/Android/sdk/ndk/27.0.12077973/toolchains/llvm/prebuilt/darwin-x86_64/sysroot/usr/lib/i686-linux-android]
  collapse library dir [/Users/yizeren/Library/Android/sdk/ndk/27.0.12077973/toolchains/llvm/prebuilt/darwin-x86_64/sysroot/usr/lib] ==> [/Users/yizeren/Library/Android/sdk/ndk/27.0.12077973/toolchains/llvm/prebuilt/darwin-x86_64/sysroot/usr/lib]
  implicit libs: [-l:libunwind.a;dl;c;-l:libunwind.a;dl]
  implicit objs: [/Users/yizeren/Library/Android/sdk/ndk/27.0.12077973/toolchains/llvm/prebuilt/darwin-x86_64/sysroot/usr/lib/i686-linux-android/30/crtbegin_dynamic.o;/Users/yizeren/Library/Android/sdk/ndk/27.0.12077973/toolchains/llvm/prebuilt/darwin-x86_64/sysroot/usr/lib/i686-linux-android/30/crtend_android.o]
  implicit dirs: [/Users/yizeren/Library/Android/sdk/ndk/27.0.12077973/toolchains/llvm/prebuilt/darwin-x86_64/lib/clang/18/lib/linux/i386;/Users/yizeren/Library/Android/sdk/ndk/27.0.12077973/toolchains/llvm/prebuilt/darwin-x86_64/sysroot/usr/lib/i686-linux-android/30;/Users/yizeren/Library/Android/sdk/ndk/27.0.12077973/toolchains/llvm/prebuilt/darwin-x86_64/sysroot/usr/lib/i686-linux-android;/Users/yizeren/Library/Android/sdk/ndk/27.0.12077973/toolchains/llvm/prebuilt/darwin-x86_64/sysroot/usr/lib]
  implicit fwks: []


Detecting CXX compiler ABI info compiled with the following output:
Change Dir: /Users/yizeren/AndroidSynth/app/.cxx/Debug/2k2y1623/x86/CMakeFiles/CMakeTmp

Run Build Command(s):/Users/yizeren/Library/Android/sdk/cmake/3.22.1/bin/ninja cmTC_db819 && [1/2] Building CXX object CMakeFiles/cmTC_db819.dir/CMakeCXXCompilerABI.cpp.o
Android (12027248, +pgo, -bolt, +lto, -mlgo, based on r522817) clang version 18.0.1 (https://android.googlesource.com/toolchain/llvm-project d8003a456d14a3deb8054cdaa529ffbf02d9b262)
Target: i686-none-linux-android30
Thread model: posix
InstalledDir: /Users/yizeren/Library/Android/sdk/ndk/27.0.12077973/toolchains/llvm/prebuilt/darwin-x86_64/bin
 (in-process)
 "/Users/yizeren/Library/Android/sdk/ndk/27.0.12077973/toolchains/llvm/prebuilt/darwin-x86_64/bin/clang++" -cc1 -triple i686-none-linux-android30 -emit-obj -mrelax-all -disable-free -clear-ast-before-backend -disable-llvm-verifier -discard-value-names -main-file-name CMakeCXXCompilerABI.cpp -mrelocation-model pic -pic-level 2 -pic-is-pie -mframe-pointer=all -ffp-contract=on -fno-rounding-math -mconstructor-aliases -funwind-tables=2 -target-cpu i686 -target-feature +ssse3 -tune-cpu generic -debug-info-kind=constructor -dwarf-version=4 -debugger-tuning=gdb -fdebug-compilation-dir=/Users/yizeren/AndroidSynth/app/.cxx/Debug/2k2y1623/x86/CMakeFiles/CMakeTmp -v -ffunction-sections -fdata-sections -fcoverage-compilation-dir=/Users/yizeren/AndroidSynth/app/.cxx/Debug/2k2y1623/x86/CMakeFiles/CMakeTmp -resource-dir /Users/yizeren/Library/Android/sdk/ndk/27.0.12077973/toolchains/llvm/prebuilt/darwin-x86_64/lib/clang/18 -dependency-file CMakeFiles/cmTC_db819.dir/CMakeCXXCompilerABI.cpp.o.d -MT CMakeFiles/cmTC_db819.dir/CMakeCXXCompilerABI.cpp.o -sys-header-deps -D ANDROID -D _FORTIFY_SOURCE=2 -isysroot /Users/yizeren/Library/Android/sdk/ndk/27.0.12077973/toolchains/llvm/prebuilt/darwin-x86_64/sysroot -internal-isystem /Users/yizeren/Library/Android/sdk/ndk/27.0.12077973/toolchains/llvm/prebuilt/darwin-x86_64/sysroot/usr/include/c++/v1 -internal-isystem /Users/yizeren/Library/Android/sdk/ndk/27.0.12077973/toolchains/llvm/prebuilt/darwin-x86_64/lib/clang/18/include -internal-isystem /Users/yizeren/Library/Android/sdk/ndk/27.0.12077973/toolchains/llvm/prebuilt/darwin-x86_64/sysroot/usr/local/include -internal-externc-isystem /Users/yizeren/Library/Android/sdk/ndk/27.0.12077973/toolchains/llvm/prebuilt/darwin-x86_64/sysroot/usr/include/i686-linux-android -internal-externc-isystem /Users/yizeren/Library/Android/sdk/ndk/27.0.12077973/toolchains/llvm/prebuilt/darwin-x86_64/sysroot/include -internal-externc-isystem /Users/yizeren/Library/Android/sdk/ndk/27.0.12077973/toolchains/llvm/prebuilt/darwin-x86_64/sysroot/usr/include -Wformat -std=gnu++17 -fdeprecated-macro -ferror-limit 19 -stack-protector 2 -fgnuc-version=4.2.1 -fcxx-exceptions -fexceptions -D__GCC_HAVE_DWARF2_CFI_ASM=1 -o CMakeFiles/cmTC_db819.dir/CMakeCXXCompilerABI.cpp.o -x c++ /Users/yizeren/Library/Android/sdk/cmake/3.22.1/share/cmake-3.22/Modules/CMakeCXXCompilerABI.cpp
clang -cc1 version 18.0.1 based upon LLVM 18.0.1 default target x86_64-apple-darwin24.0.0
ignoring nonexistent directory "/Users/yizeren/Library/Android/sdk/ndk/27.0.12077973/toolchains/llvm/prebuilt/darwin-x86_64/sysroot/usr/local/include"
ignoring nonexistent directory "/Users/yizeren/Library/Android/sdk/ndk/27.0.12077973/toolchains/llvm/prebuilt/darwin-x86_64/sysroot/include"
#include "..." search starts here:
#include <...> search starts here:
 /Users/yizeren/Library/Android/sdk/ndk/27.0.12077973/toolchains/llvm/prebuilt/darwin-x86_64/sysroot/usr/include/c++/v1
 /Users/yizeren/Library/Android/sdk/ndk/27.0.12077973/toolchains/llvm/prebuilt/darwin-x86_64/lib/clang/18/include
 /Users/yizeren/Library/Android/sdk/ndk/27.0.12077973/toolchains/llvm/prebuilt/darwin-x86_64/sysroot/usr/include/i686-linux-android
 /Users/yizeren/Library/Android/sdk/ndk/27.0.12077973/toolchains/llvm/prebuilt/darwin-x86_64/sysroot/usr/include
End of search list.
[2/2] Linking CXX executable cmTC_db819
Android (12027248, +pgo, -bolt, +lto, -mlgo, based on r522817) clang version 18.0.1 (https://android.googlesource.com/toolchain/llvm-project d8003a456d14a3deb8054cdaa529ffbf02d9b262)
Target: i686-none-linux-android30
Thread model: posix
InstalledDir: /Users/yizeren/Library/Android/sdk/ndk/27.0.12077973/toolchains/llvm/prebuilt/darwin-x86_64/bin
 "/Users/yizeren/Library/Android/sdk/ndk/27.0.12077973/toolchains/llvm/prebuilt/darwin-x86_64/bin/ld.lld" --sysroot=/Users/yizeren/Library/Android/sdk/ndk/27.0.12077973/toolchains/llvm/prebuilt/darwin-x86_64/sysroot -z now -z relro --hash-style=gnu --eh-frame-hdr -m elf_i386 -pie -dynamic-linker /system/bin/linker -o cmTC_db819 /Users/yizeren/Library/Android/sdk/ndk/27.0.12077973/toolchains/llvm/prebuilt/darwin-x86_64/sysroot/usr/lib/i686-linux-android/30/crtbegin_dynamic.o -L/Users/yizeren/Library/Android/sdk/ndk/27.0.12077973/toolchains/llvm/prebuilt/darwin-x86_64/lib/clang/18/lib/linux/i386 -L/Users/yizeren/Library/Android/sdk/ndk/27.0.12077973/toolchains/llvm/prebuilt/darwin-x86_64/sysroot/usr/lib/i686-linux-android/30 -L/Users/yizeren/Library/Android/sdk/ndk/27.0.12077973/toolchains/llvm/prebuilt/darwin-x86_64/sysroot/usr/lib/i686-linux-android -L/Users/yizeren/Library/Android/sdk/ndk/27.0.12077973/toolchains/llvm/prebuilt/darwin-x86_64/sysroot/usr/lib --build-id=sha1 --no-undefined-version --fatal-warnings --no-undefined CMakeFiles/cmTC_db819.dir/CMakeCXXCompilerABI.cpp.o -lc++ -lm /Users/yizeren/Library/Android/sdk/ndk/27.0.12077973/toolchains/llvm/prebuilt/darwin-x86_64/lib/clang/18/lib/linux/libclang_rt.builtins-i686-android.a -l:libunwind.a -ldl -lc /Users/yizeren/Library/Android/sdk/ndk/27.0.12077973/toolchains/llvm/prebuilt/darwin-x86_64/lib/clang/18/lib/linux/libclang_rt.builtins-i686-android.a -l:libunwind.a -ldl /Users/yizeren/Library/Android/sdk/ndk/27.0.12077973/toolchains/llvm/prebuilt/darwin-x86_64/sysroot/usr/lib/i686-linux-android/30/crtend_android.o



Parsed CXX implicit include dir info from above output: rv=done
  found start of include info
  found start of implicit include info
    add: [/Users/yizeren/Library/Android/sdk/ndk/27.0.12077973/toolchains/llvm/prebuilt/darwin-x86_64/sysroot/usr/include/c++/v1]
    add: [/Users/yizeren/Library/Android/sdk/ndk/27.0.12077973/toolchains/llvm/prebuilt/darwin-x86_64/lib/clang/18/include]
    add: [/Users/yizeren/Library/Android/sdk/ndk/27.0.12077973/toolchains/llvm/prebuilt/darwin-x86_64/sysroot/usr/include/i686-linux-android]
    add: [/Users/yizeren/Library/Android/sdk/ndk/27.0.12077973/toolchains/llvm/prebuilt/darwin-x86_64/sysroot/usr/include]
  end of search list found
  collapse include dir [/Users/yizeren/Library/Android/sdk/ndk/27.0.12077973/toolchains/llvm/prebuilt/darwin-x86_64/sysroot/usr/include/c++/v1] ==> [/Users/yizeren/Library/Android/sdk/ndk/27.0.12077973/toolchains/llvm/prebuilt/darwin-x86_64/sysroot/usr/include/c++/v1]
  collapse include dir [/Users/yizeren/Library/Android/sdk/ndk/27.0.12077973/toolchains/llvm/prebuilt/darwin-x86_64/lib/clang/18/include] ==> [/Users/yizeren/Library/Android/sdk/ndk/27.0.12077973/toolchains/llvm/prebuilt/darwin-x86_64/lib/clang/18/include]
  collapse include dir [/Users/yizeren/Library/Android/sdk/ndk/27.0.12077973/toolchains/llvm/prebuilt/darwin-x86_64/sysroot/usr/include/i686-linux-android] ==> [/Users/yizeren/Library/Android/sdk/ndk/27.0.12077973/toolchains/llvm/prebuilt/darwin-x86_64/sysroot/usr/include/i686-linux-android]
  collapse include dir [/Users/yizeren/Library/Android/sdk/ndk/27.0.12077973/toolchains/llvm/prebuilt/darwin-x86_64/sysroot/usr/include] ==> [/Users/yizeren/Library/Android/sdk/ndk/27.0.12077973/toolchains/llvm/prebuilt/darwin-x86_64/sysroot/usr/include]
  implicit include dirs: [/Users/yizeren/Library/Android/sdk/ndk/27.0.12077973/toolchains/llvm/prebuilt/darwin-x86_64/sysroot/usr/include/c++/v1;/Users/yizeren/Library/Android/sdk/ndk/27.0.12077973/toolchains/llvm/prebuilt/darwin-x86_64/lib/clang/18/include;/Users/yizeren/Library/Android/sdk/ndk/27.0.12077973/toolchains/llvm/prebuilt/darwin-x86_64/sysroot/usr/include/i686-linux-android;/Users/yizeren/Library/Android/sdk/ndk/27.0.12077973/toolchains/llvm/prebuilt/darwin-x86_64/sysroot/usr/include]


Parsed CXX implicit link information from above output:
  link line regex: [^( *|.*[/\])(ld\.lld|CMAKE_LINK_STARTFILE-NOTFOUND|([^/\]+-)?ld|collect2)[^/\]*( |$)]
  ignore line: [Change Dir: /Users/yizeren/AndroidSynth/app/.cxx/Debug/2k2y1623/x86/CMakeFiles/CMakeTmp]
  ignore line: []
  ignore line: [Run Build Command(s):/Users/yizeren/Library/Android/sdk/cmake/3.22.1/bin/ninja cmTC_db819 && [1/2] Building CXX object CMakeFiles/cmTC_db819.dir/CMakeCXXCompilerABI.cpp.o]
  ignore line: [Android (12027248  +pgo  -bolt  +lto  -mlgo  based on r522817) clang version 18.0.1 (https://android.googlesource.com/toolchain/llvm-project d8003a456d14a3deb8054cdaa529ffbf02d9b262)]
  ignore line: [Target: i686-none-linux-android30]
  ignore line: [Thread model: posix]
  ignore line: [InstalledDir: /Users/yizeren/Library/Android/sdk/ndk/27.0.12077973/toolchains/llvm/prebuilt/darwin-x86_64/bin]
  ignore line: [ (in-process)]
  ignore line: [ "/Users/yizeren/Library/Android/sdk/ndk/27.0.12077973/toolchains/llvm/prebuilt/darwin-x86_64/bin/clang++" -cc1 -triple i686-none-linux-android30 -emit-obj -mrelax-all -disable-free -clear-ast-before-backend -disable-llvm-verifier -discard-value-names -main-file-name CMakeCXXCompilerABI.cpp -mrelocation-model pic -pic-level 2 -pic-is-pie -mframe-pointer=all -ffp-contract=on -fno-rounding-math -mconstructor-aliases -funwind-tables=2 -target-cpu i686 -target-feature +ssse3 -tune-cpu generic -debug-info-kind=constructor -dwarf-version=4 -debugger-tuning=gdb -fdebug-compilation-dir=/Users/yizeren/AndroidSynth/app/.cxx/Debug/2k2y1623/x86/CMakeFiles/CMakeTmp -v -ffunction-sections -fdata-sections -fcoverage-compilation-dir=/Users/yizeren/AndroidSynth/app/.cxx/Debug/2k2y1623/x86/CMakeFiles/CMakeTmp -resource-dir /Users/yizeren/Library/Android/sdk/ndk/27.0.12077973/toolchains/llvm/prebuilt/darwin-x86_64/lib/clang/18 -dependency-file CMakeFiles/cmTC_db819.dir/CMakeCXXCompilerABI.cpp.o.d -MT CMakeFiles/cmTC_db819.dir/CMakeCXXCompilerABI.cpp.o -sys-header-deps -D ANDROID -D _FORTIFY_SOURCE=2 -isysroot /Users/yizeren/Library/Android/sdk/ndk/27.0.12077973/toolchains/llvm/prebuilt/darwin-x86_64/sysroot -internal-isystem /Users/yizeren/Library/Android/sdk/ndk/27.0.12077973/toolchains/llvm/prebuilt/darwin-x86_64/sysroot/usr/include/c++/v1 -internal-isystem /Users/yizeren/Library/Android/sdk/ndk/27.0.12077973/toolchains/llvm/prebuilt/darwin-x86_64/lib/clang/18/include -internal-isystem /Users/yizeren/Library/Android/sdk/ndk/27.0.12077973/toolchains/llvm/prebuilt/darwin-x86_64/sysroot/usr/local/include -internal-externc-isystem /Users/yizeren/Library/Android/sdk/ndk/27.0.12077973/toolchains/llvm/prebuilt/darwin-x86_64/sysroot/usr/include/i686-linux-android -internal-externc-isystem /Users/yizeren/Library/Android/sdk/ndk/27.0.12077973/toolchains/llvm/prebuilt/darwin-x86_64/sysroot/include -internal-externc-isystem /Users/yizeren/Library/Android/sdk/ndk/27.0.12077973/toolchains/llvm/prebuilt/darwin-x86_64/sysroot/usr/include -Wformat -std=gnu++17 -fdeprecated-macro -ferror-limit 19 -stack-protector 2 -fgnuc-version=4.2.1 -fcxx-exceptions -fexceptions -D__GCC_HAVE_DWARF2_CFI_ASM=1 -o CMakeFiles/cmTC_db819.dir/CMakeCXXCompilerABI.cpp.o -x c++ /Users/yizeren/Library/Android/sdk/cmake/3.22.1/share/cmake-3.22/Modules/CMakeCXXCompilerABI.cpp]
  ignore line: [clang -cc1 version 18.0.1 based upon LLVM 18.0.1 default target x86_64-apple-darwin24.0.0]
  ignore line: [ignoring nonexistent directory "/Users/yizeren/Library/Android/sdk/ndk/27.0.12077973/toolchains/llvm/prebuilt/darwin-x86_64/sysroot/usr/local/include"]
  ignore line: [ignoring nonexistent directory "/Users/yizeren/Library/Android/sdk/ndk/27.0.12077973/toolchains/llvm/prebuilt/darwin-x86_64/sysroot/include"]
  ignore line: [#include "..." search starts here:]
  ignore line: [#include <...> search starts here:]
  ignore line: [ /Users/yizeren/Library/Android/sdk/ndk/27.0.12077973/toolchains/llvm/prebuilt/darwin-x86_64/sysroot/usr/include/c++/v1]
  ignore line: [ /Users/yizeren/Library/Android/sdk/ndk/27.0.12077973/toolchains/llvm/prebuilt/darwin-x86_64/lib/clang/18/include]
  ignore line: [ /Users/yizeren/Library/Android/sdk/ndk/27.0.12077973/toolchains/llvm/prebuilt/darwin-x86_64/sysroot/usr/include/i686-linux-android]
  ignore line: [ /Users/yizeren/Library/Android/sdk/ndk/27.0.12077973/toolchains/llvm/prebuilt/darwin-x86_64/sysroot/usr/include]
  ignore line: [End of search list.]
  ignore line: [[2/2] Linking CXX executable cmTC_db819]
  ignore line: [Android (12027248  +pgo  -bolt  +lto  -mlgo  based on r522817) clang version 18.0.1 (https://android.googlesource.com/toolchain/llvm-project d8003a456d14a3deb8054cdaa529ffbf02d9b262)]
  ignore line: [Target: i686-none-linux-android30]
  ignore line: [Thread model: posix]
  ignore line: [InstalledDir: /Users/yizeren/Library/Android/sdk/ndk/27.0.12077973/toolchains/llvm/prebuilt/darwin-x86_64/bin]
  link line: [ "/Users/yizeren/Library/Android/sdk/ndk/27.0.12077973/toolchains/llvm/prebuilt/darwin-x86_64/bin/ld.lld" --sysroot=/Users/yizeren/Library/Android/sdk/ndk/27.0.12077973/toolchains/llvm/prebuilt/darwin-x86_64/sysroot -z now -z relro --hash-style=gnu --eh-frame-hdr -m elf_i386 -pie -dynamic-linker /system/bin/linker -o cmTC_db819 /Users/yizeren/Library/Android/sdk/ndk/27.0.12077973/toolchains/llvm/prebuilt/darwin-x86_64/sysroot/usr/lib/i686-linux-android/30/crtbegin_dynamic.o -L/Users/yizeren/Library/Android/sdk/ndk/27.0.12077973/toolchains/llvm/prebuilt/darwin-x86_64/lib/clang/18/lib/linux/i386 -L/Users/yizeren/Library/Android/sdk/ndk/27.0.12077973/toolchains/llvm/prebuilt/darwin-x86_64/sysroot/usr/lib/i686-linux-android/30 -L/Users/yizeren/Library/Android/sdk/ndk/27.0.12077973/toolchains/llvm/prebuilt/darwin-x86_64/sysroot/usr/lib/i686-linux-android -L/Users/yizeren/Library/Android/sdk/ndk/27.0.12077973/toolchains/llvm/prebuilt/darwin-x86_64/sysroot/usr/lib --build-id=sha1 --no-undefined-version --fatal-warnings --no-undefined CMakeFiles/cmTC_db819.dir/CMakeCXXCompilerABI.cpp.o -lc++ -lm /Users/yizeren/Library/Android/sdk/ndk/27.0.12077973/toolchains/llvm/prebuilt/darwin-x86_64/lib/clang/18/lib/linux/libclang_rt.builtins-i686-android.a -l:libunwind.a -ldl -lc /Users/yizeren/Library/Android/sdk/ndk/27.0.12077973/toolchains/llvm/prebuilt/darwin-x86_64/lib/clang/18/lib/linux/libclang_rt.builtins-i686-android.a -l:libunwind.a -ldl /Users/yizeren/Library/Android/sdk/ndk/27.0.12077973/toolchains/llvm/prebuilt/darwin-x86_64/sysroot/usr/lib/i686-linux-android/30/crtend_android.o]
    arg [/Users/yizeren/Library/Android/sdk/ndk/27.0.12077973/toolchains/llvm/prebuilt/darwin-x86_64/bin/ld.lld] ==> ignore
    arg [--sysroot=/Users/yizeren/Library/Android/sdk/ndk/27.0.12077973/toolchains/llvm/prebuilt/darwin-x86_64/sysroot] ==> ignore
    arg [-znow] ==> ignore
    arg [-zrelro] ==> ignore
    arg [--hash-style=gnu] ==> ignore
    arg [--eh-frame-hdr] ==> ignore
    arg [-m] ==> ignore
    arg [elf_i386] ==> ignore
    arg [-pie] ==> ignore
    arg [-dynamic-linker] ==> ignore
    arg [/system/bin/linker] ==> ignore
    arg [-o] ==> ignore
    arg [cmTC_db819] ==> ignore
    arg [/Users/yizeren/Library/Android/sdk/ndk/27.0.12077973/toolchains/llvm/prebuilt/darwin-x86_64/sysroot/usr/lib/i686-linux-android/30/crtbegin_dynamic.o] ==> obj [/Users/yizeren/Library/Android/sdk/ndk/27.0.12077973/toolchains/llvm/prebuilt/darwin-x86_64/sysroot/usr/lib/i686-linux-android/30/crtbegin_dynamic.o]
    arg [-L/Users/yizeren/Library/Android/sdk/ndk/27.0.12077973/toolchains/llvm/prebuilt/darwin-x86_64/lib/clang/18/lib/linux/i386] ==> dir [/Users/yizeren/Library/Android/sdk/ndk/27.0.12077973/toolchains/llvm/prebuilt/darwin-x86_64/lib/clang/18/lib/linux/i386]
    arg [-L/Users/yizeren/Library/Android/sdk/ndk/27.0.12077973/toolchains/llvm/prebuilt/darwin-x86_64/sysroot/usr/lib/i686-linux-android/30] ==> dir [/Users/yizeren/Library/Android/sdk/ndk/27.0.12077973/toolchains/llvm/prebuilt/darwin-x86_64/sysroot/usr/lib/i686-linux-android/30]
    arg [-L/Users/yizeren/Library/Android/sdk/ndk/27.0.12077973/toolchains/llvm/prebuilt/darwin-x86_64/sysroot/usr/lib/i686-linux-android] ==> dir [/Users/yizeren/Library/Android/sdk/ndk/27.0.12077973/toolchains/llvm/prebuilt/darwin-x86_64/sysroot/usr/lib/i686-linux-android]
    arg [-L/Users/yizeren/Library/Android/sdk/ndk/27.0.12077973/toolchains/llvm/prebuilt/darwin-x86_64/sysroot/usr/lib] ==> dir [/Users/yizeren/Library/Android/sdk/ndk/27.0.12077973/toolchains/llvm/prebuilt/darwin-x86_64/sysroot/usr/lib]
    arg [--build-id=sha1] ==> ignore
    arg [--no-undefined-version] ==> ignore
    arg [--fatal-warnings] ==> ignore
    arg [--no-undefined] ==> ignore
    arg [CMakeFiles/cmTC_db819.dir/CMakeCXXCompilerABI.cpp.o] ==> ignore
    arg [-lc++] ==> lib [c++]
    arg [-lm] ==> lib [m]
    arg [/Users/yizeren/Library/Android/sdk/ndk/27.0.12077973/toolchains/llvm/prebuilt/darwin-x86_64/lib/clang/18/lib/linux/libclang_rt.builtins-i686-android.a] ==> lib [/Users/yizeren/Library/Android/sdk/ndk/27.0.12077973/toolchains/llvm/prebuilt/darwin-x86_64/lib/clang/18/lib/linux/libclang_rt.builtins-i686-android.a]
    arg [-l:libunwind.a] ==> lib [-l:libunwind.a]
    arg [-ldl] ==> lib [dl]
    arg [-lc] ==> lib [c]
    arg [/Users/yizeren/Library/Android/sdk/ndk/27.0.12077973/toolchains/llvm/prebuilt/darwin-x86_64/lib/clang/18/lib/linux/libclang_rt.builtins-i686-android.a] ==> lib [/Users/yizeren/Library/Android/sdk/ndk/27.0.12077973/toolchains/llvm/prebuilt/darwin-x86_64/lib/clang/18/lib/linux/libclang_rt.builtins-i686-android.a]
    arg [-l:libunwind.a] ==> lib [-l:libunwind.a]
    arg [-ldl] ==> lib [dl]
    arg [/Users/yizeren/Library/Android/sdk/ndk/27.0.12077973/toolchains/llvm/prebuilt/darwin-x86_64/sysroot/usr/lib/i686-linux-android/30/crtend_android.o] ==> obj [/Users/yizeren/Library/Android/sdk/ndk/27.0.12077973/toolchains/llvm/prebuilt/darwin-x86_64/sysroot/usr/lib/i686-linux-android/30/crtend_android.o]
  remove lib [/Users/yizeren/Library/Android/sdk/ndk/27.0.12077973/toolchains/llvm/prebuilt/darwin-x86_64/lib/clang/18/lib/linux/libclang_rt.builtins-i686-android.a]
  remove lib [/Users/yizeren/Library/Android/sdk/ndk/27.0.12077973/toolchains/llvm/prebuilt/darwin-x86_64/lib/clang/18/lib/linux/libclang_rt.builtins-i686-android.a]
  collapse library dir [/Users/yizeren/Library/Android/sdk/ndk/27.0.12077973/toolchains/llvm/prebuilt/darwin-x86_64/lib/clang/18/lib/linux/i386] ==> [/Users/yizeren/Library/Android/sdk/ndk/27.0.12077973/toolchains/llvm/prebuilt/darwin-x86_64/lib/clang/18/lib/linux/i386]
  collapse library dir [/Users/yizeren/Library/Android/sdk/ndk/27.0.12077973/toolchains/llvm/prebuilt/darwin-x86_64/sysroot/usr/lib/i686-linux-android/30] ==> [/Users/yizeren/Library/Android/sdk/ndk/27.0.12077973/toolchains/llvm/prebuilt/darwin-x86_64/sysroot/usr/lib/i686-linux-android/30]
  collapse library dir [/Users/yizeren/Library/Android/sdk/ndk/27.0.12077973/toolchains/llvm/prebuilt/darwin-x86_64/sysroot/usr/lib/i686-linux-android] ==> [/Users/yizeren/Library/Android/sdk/ndk/27.0.12077973/toolchains/llvm/prebuilt/darwin-x86_64/sysroot/usr/lib/i686-linux-android]
  collapse library dir [/Users/yizeren/Library/Android/sdk/ndk/27.0.12077973/toolchains/llvm/prebuilt/darwin-x86_64/sysroot/usr/lib] ==> [/Users/yizeren/Library/Android/sdk/ndk/27.0.12077973/toolchains/llvm/prebuilt/darwin-x86_64/sysroot/usr/lib]
  implicit libs: [c++;m;-l:libunwind.a;dl;c;-l:libunwind.a;dl]
  implicit objs: [/Users/yizeren/Library/Android/sdk/ndk/27.0.12077973/toolchains/llvm/prebuilt/darwin-x86_64/sysroot/usr/lib/i686-linux-android/30/crtbegin_dynamic.o;/Users/yizeren/Library/Android/sdk/ndk/27.0.12077973/toolchains/llvm/prebuilt/darwin-x86_64/sysroot/usr/lib/i686-linux-android/30/crtend_android.o]
  implicit dirs: [/Users/yizeren/Library/Android/sdk/ndk/27.0.12077973/toolchains/llvm/prebuilt/darwin-x86_64/lib/clang/18/lib/linux/i386;/Users/yizeren/Library/Android/sdk/ndk/27.0.12077973/toolchains/llvm/prebuilt/darwin-x86_64/sysroot/usr/lib/i686-linux-android/30;/Users/yizeren/Library/Android/sdk/ndk/27.0.12077973/toolchains/llvm/prebuilt/darwin-x86_64/sysroot/usr/lib/i686-linux-android;/Users/yizeren/Library/Android/sdk/ndk/27.0.12077973/toolchains/llvm/prebuilt/darwin-x86_64/sysroot/usr/lib]
  implicit fwks: []


Detecting C OpenMP compiler ABI info compiled with the following output:
Change Dir: /Users/yizeren/AndroidSynth/app/.cxx/Debug/2k2y1623/x86/CMakeFiles/CMakeTmp

Run Build Command(s):/Users/yizeren/Library/Android/sdk/cmake/3.22.1/bin/ninja cmTC_69236 && [1/2] Building C object CMakeFiles/cmTC_69236.dir/OpenMPTryFlag.c.o
Android (12027248, +pgo, -bolt, +lto, -mlgo, based on r522817) clang version 18.0.1 (https://android.googlesource.com/toolchain/llvm-project d8003a456d14a3deb8054cdaa529ffbf02d9b262)
Target: i686-none-linux-android30
Thread model: posix
InstalledDir: /Users/yizeren/Library/Android/sdk/ndk/27.0.12077973/toolchains/llvm/prebuilt/darwin-x86_64/bin
 (in-process)
 "/Users/yizeren/Library/Android/sdk/ndk/27.0.12077973/toolchains/llvm/prebuilt/darwin-x86_64/bin/clang" -cc1 -triple i686-none-linux-android30 -emit-obj -mrelax-all -disable-free -clear-ast-before-backend -disable-llvm-verifier -discard-value-names -main-file-name OpenMPTryFlag.c -mrelocation-model pic -pic-level 2 -pic-is-pie -mframe-pointer=all -ffp-contract=on -fno-rounding-math -mconstructor-aliases -funwind-tables=2 -target-cpu i686 -target-feature +ssse3 -tune-cpu generic -debug-info-kind=constructor -dwarf-version=4 -debugger-tuning=gdb -fdebug-compilation-dir=/Users/yizeren/AndroidSynth/app/.cxx/Debug/2k2y1623/x86/CMakeFiles/CMakeTmp -v -ffunction-sections -fdata-sections -fcoverage-compilation-dir=/Users/yizeren/AndroidSynth/app/.cxx/Debug/2k2y1623/x86/CMakeFiles/CMakeTmp -resource-dir /Users/yizeren/Library/Android/sdk/ndk/27.0.12077973/toolchains/llvm/prebuilt/darwin-x86_64/lib/clang/18 -dependency-file CMakeFiles/cmTC_69236.dir/OpenMPTryFlag.c.o.d -MT CMakeFiles/cmTC_69236.dir/OpenMPTryFlag.c.o -sys-header-deps -D ANDROID -D _FORTIFY_SOURCE=2 -isysroot /Users/yizeren/Library/Android/sdk/ndk/27.0.12077973/toolchains/llvm/prebuilt/darwin-x86_64/sysroot -internal-isystem /Users/yizeren/Library/Android/sdk/ndk/27.0.12077973/toolchains/llvm/prebuilt/darwin-x86_64/lib/clang/18/include -internal-isystem /Users/yizeren/Library/Android/sdk/ndk/27.0.12077973/toolchains/llvm/prebuilt/darwin-x86_64/sysroot/usr/local/include -internal-externc-isystem /Users/yizeren/Library/Android/sdk/ndk/27.0.12077973/toolchains/llvm/prebuilt/darwin-x86_64/sysroot/usr/include/i686-linux-android -internal-externc-isystem /Users/yizeren/Library/Android/sdk/ndk/27.0.12077973/toolchains/llvm/prebuilt/darwin-x86_64/sysroot/include -internal-externc-isystem /Users/yizeren/Library/Android/sdk/ndk/27.0.12077973/toolchains/llvm/prebuilt/darwin-x86_64/sysroot/usr/include -Wformat -Werror=format-security -ferror-limit 19 -fopenmp -stack-protector 2 -fgnuc-version=4.2.1 -D__GCC_HAVE_DWARF2_CFI_ASM=1 -o CMakeFiles/cmTC_69236.dir/OpenMPTryFlag.c.o -x c /Users/yizeren/AndroidSynth/app/.cxx/Debug/2k2y1623/x86/CMakeFiles/FindOpenMP/OpenMPTryFlag.c
clang -cc1 version 18.0.1 based upon LLVM 18.0.1 default target x86_64-apple-darwin24.0.0
ignoring nonexistent directory "/Users/yizeren/Library/Android/sdk/ndk/27.0.12077973/toolchains/llvm/prebuilt/darwin-x86_64/sysroot/usr/local/include"
ignoring nonexistent directory "/Users/yizeren/Library/Android/sdk/ndk/27.0.12077973/toolchains/llvm/prebuilt/darwin-x86_64/sysroot/include"
#include "..." search starts here:
#include <...> search starts here:
 /Users/yizeren/Library/Android/sdk/ndk/27.0.12077973/toolchains/llvm/prebuilt/darwin-x86_64/lib/clang/18/include
 /Users/yizeren/Library/Android/sdk/ndk/27.0.12077973/toolchains/llvm/prebuilt/darwin-x86_64/sysroot/usr/include/i686-linux-android
 /Users/yizeren/Library/Android/sdk/ndk/27.0.12077973/toolchains/llvm/prebuilt/darwin-x86_64/sysroot/usr/include
End of search list.
[2/2] Linking C executable cmTC_69236
Android (12027248, +pgo, -bolt, +lto, -mlgo, based on r522817) clang version 18.0.1 (https://android.googlesource.com/toolchain/llvm-project d8003a456d14a3deb8054cdaa529ffbf02d9b262)
Target: i686-none-linux-android30
Thread model: posix
InstalledDir: /Users/yizeren/Library/Android/sdk/ndk/27.0.12077973/toolchains/llvm/prebuilt/darwin-x86_64/bin
 "/Users/yizeren/Library/Android/sdk/ndk/27.0.12077973/toolchains/llvm/prebuilt/darwin-x86_64/bin/ld.lld" --sysroot=/Users/yizeren/Library/Android/sdk/ndk/27.0.12077973/toolchains/llvm/prebuilt/darwin-x86_64/sysroot -z now -z relro --hash-style=gnu --eh-frame-hdr -m elf_i386 -pie -dynamic-linker /system/bin/linker -o cmTC_69236 /Users/yizeren/Library/Android/sdk/ndk/27.0.12077973/toolchains/llvm/prebuilt/darwin-x86_64/sysroot/usr/lib/i686-linux-android/30/crtbegin_dynamic.o -L/Users/yizeren/Library/Android/sdk/ndk/27.0.12077973/toolchains/llvm/prebuilt/darwin-x86_64/lib/clang/18/lib/linux/i386 -L/Users/yizeren/Library/Android/sdk/ndk/27.0.12077973/toolchains/llvm/prebuilt/darwin-x86_64/sysroot/usr/lib/i686-linux-android/30 -L/Users/yizeren/Library/Android/sdk/ndk/27.0.12077973/toolchains/llvm/prebuilt/darwin-x86_64/sysroot/usr/lib/i686-linux-android -L/Users/yizeren/Library/Android/sdk/ndk/27.0.12077973/toolchains/llvm/prebuilt/darwin-x86_64/sysroot/usr/lib --build-id=sha1 --no-undefined-version --fatal-warnings --no-undefined CMakeFiles/cmTC_69236.dir/OpenMPTryFlag.c.o -latomic -lm -lomp -L/Users/yizeren/Library/Android/sdk/ndk/27.0.12077973/toolchains/llvm/prebuilt/darwin-x86_64/lib /Users/yizeren/Library/Android/sdk/ndk/27.0.12077973/toolchains/llvm/prebuilt/darwin-x86_64/lib/clang/18/lib/linux/libclang_rt.builtins-i686-android.a -l:libunwind.a -ldl -lc /Users/yizeren/Library/Android/sdk/ndk/27.0.12077973/toolchains/llvm/prebuilt/darwin-x86_64/lib/clang/18/lib/linux/libclang_rt.builtins-i686-android.a -l:libunwind.a -ldl /Users/yizeren/Library/Android/sdk/ndk/27.0.12077973/toolchains/llvm/prebuilt/darwin-x86_64/sysroot/usr/lib/i686-linux-android/30/crtend_android.o



Parsed C OpenMP implicit link information from above output:
  link line regex: [^( *|.*[/\])(ld\.lld|CMAKE_LINK_STARTFILE-NOTFOUND|([^/\]+-)?ld|collect2)[^/\]*( |$)]
  ignore line: [Change Dir: /Users/yizeren/AndroidSynth/app/.cxx/Debug/2k2y1623/x86/CMakeFiles/CMakeTmp]
  ignore line: []
  ignore line: [Run Build Command(s):/Users/yizeren/Library/Android/sdk/cmake/3.22.1/bin/ninja cmTC_69236 && [1/2] Building C object CMakeFiles/cmTC_69236.dir/OpenMPTryFlag.c.o]
  ignore line: [Android (12027248  +pgo  -bolt  +lto  -mlgo  based on r522817) clang version 18.0.1 (https://android.googlesource.com/toolchain/llvm-project d8003a456d14a3deb8054cdaa529ffbf02d9b262)]
  ignore line: [Target: i686-none-linux-android30]
  ignore line: [Thread model: posix]
  ignore line: [InstalledDir: /Users/yizeren/Library/Android/sdk/ndk/27.0.12077973/toolchains/llvm/prebuilt/darwin-x86_64/bin]
  ignore line: [ (in-process)]
  ignore line: [ "/Users/yizeren/Library/Android/sdk/ndk/27.0.12077973/toolchains/llvm/prebuilt/darwin-x86_64/bin/clang" -cc1 -triple i686-none-linux-android30 -emit-obj -mrelax-all -disable-free -clear-ast-before-backend -disable-llvm-verifier -discard-value-names -main-file-name OpenMPTryFlag.c -mrelocation-model pic -pic-level 2 -pic-is-pie -mframe-pointer=all -ffp-contract=on -fno-rounding-math -mconstructor-aliases -funwind-tables=2 -target-cpu i686 -target-feature +ssse3 -tune-cpu generic -debug-info-kind=constructor -dwarf-version=4 -debugger-tuning=gdb -fdebug-compilation-dir=/Users/yizeren/AndroidSynth/app/.cxx/Debug/2k2y1623/x86/CMakeFiles/CMakeTmp -v -ffunction-sections -fdata-sections -fcoverage-compilation-dir=/Users/yizeren/AndroidSynth/app/.cxx/Debug/2k2y1623/x86/CMakeFiles/CMakeTmp -resource-dir /Users/yizeren/Library/Android/sdk/ndk/27.0.12077973/toolchains/llvm/prebuilt/darwin-x86_64/lib/clang/18 -dependency-file CMakeFiles/cmTC_69236.dir/OpenMPTryFlag.c.o.d -MT CMakeFiles/cmTC_69236.dir/OpenMPTryFlag.c.o -sys-header-deps -D ANDROID -D _FORTIFY_SOURCE=2 -isysroot /Users/yizeren/Library/Android/sdk/ndk/27.0.12077973/toolchains/llvm/prebuilt/darwin-x86_64/sysroot -internal-isystem /Users/yizeren/Library/Android/sdk/ndk/27.0.12077973/toolchains/llvm/prebuilt/darwin-x86_64/lib/clang/18/include -internal-isystem /Users/yizeren/Library/Android/sdk/ndk/27.0.12077973/toolchains/llvm/prebuilt/darwin-x86_64/sysroot/usr/local/include -internal-externc-isystem /Users/yizeren/Library/Android/sdk/ndk/27.0.12077973/toolchains/llvm/prebuilt/darwin-x86_64/sysroot/usr/include/i686-linux-android -internal-externc-isystem /Users/yizeren/Library/Android/sdk/ndk/27.0.12077973/toolchains/llvm/prebuilt/darwin-x86_64/sysroot/include -internal-externc-isystem /Users/yizeren/Library/Android/sdk/ndk/27.0.12077973/toolchains/llvm/prebuilt/darwin-x86_64/sysroot/usr/include -Wformat -Werror=format-security -ferror-limit 19 -fopenmp -stack-protector 2 -fgnuc-version=4.2.1 -D__GCC_HAVE_DWARF2_CFI_ASM=1 -o CMakeFiles/cmTC_69236.dir/OpenMPTryFlag.c.o -x c /Users/yizeren/AndroidSynth/app/.cxx/Debug/2k2y1623/x86/CMakeFiles/FindOpenMP/OpenMPTryFlag.c]
  ignore line: [clang -cc1 version 18.0.1 based upon LLVM 18.0.1 default target x86_64-apple-darwin24.0.0]
  ignore line: [ignoring nonexistent directory "/Users/yizeren/Library/Android/sdk/ndk/27.0.12077973/toolchains/llvm/prebuilt/darwin-x86_64/sysroot/usr/local/include"]
  ignore line: [ignoring nonexistent directory "/Users/yizeren/Library/Android/sdk/ndk/27.0.12077973/toolchains/llvm/prebuilt/darwin-x86_64/sysroot/include"]
  ignore line: [#include "..." search starts here:]
  ignore line: [#include <...> search starts here:]
  ignore line: [ /Users/yizeren/Library/Android/sdk/ndk/27.0.12077973/toolchains/llvm/prebuilt/darwin-x86_64/lib/clang/18/include]
  ignore line: [ /Users/yizeren/Library/Android/sdk/ndk/27.0.12077973/toolchains/llvm/prebuilt/darwin-x86_64/sysroot/usr/include/i686-linux-android]
  ignore line: [ /Users/yizeren/Library/Android/sdk/ndk/27.0.12077973/toolchains/llvm/prebuilt/darwin-x86_64/sysroot/usr/include]
  ignore line: [End of search list.]
  ignore line: [[2/2] Linking C executable cmTC_69236]
  ignore line: [Android (12027248  +pgo  -bolt  +lto  -mlgo  based on r522817) clang version 18.0.1 (https://android.googlesource.com/toolchain/llvm-project d8003a456d14a3deb8054cdaa529ffbf02d9b262)]
  ignore line: [Target: i686-none-linux-android30]
  ignore line: [Thread model: posix]
  ignore line: [InstalledDir: /Users/yizeren/Library/Android/sdk/ndk/27.0.12077973/toolchains/llvm/prebuilt/darwin-x86_64/bin]
  link line: [ "/Users/yizeren/Library/Android/sdk/ndk/27.0.12077973/toolchains/llvm/prebuilt/darwin-x86_64/bin/ld.lld" --sysroot=/Users/yizeren/Library/Android/sdk/ndk/27.0.12077973/toolchains/llvm/prebuilt/darwin-x86_64/sysroot -z now -z relro --hash-style=gnu --eh-frame-hdr -m elf_i386 -pie -dynamic-linker /system/bin/linker -o cmTC_69236 /Users/yizeren/Library/Android/sdk/ndk/27.0.12077973/toolchains/llvm/prebuilt/darwin-x86_64/sysroot/usr/lib/i686-linux-android/30/crtbegin_dynamic.o -L/Users/yizeren/Library/Android/sdk/ndk/27.0.12077973/toolchains/llvm/prebuilt/darwin-x86_64/lib/clang/18/lib/linux/i386 -L/Users/yizeren/Library/Android/sdk/ndk/27.0.12077973/toolchains/llvm/prebuilt/darwin-x86_64/sysroot/usr/lib/i686-linux-android/30 -L/Users/yizeren/Library/Android/sdk/ndk/27.0.12077973/toolchains/llvm/prebuilt/darwin-x86_64/sysroot/usr/lib/i686-linux-android -L/Users/yizeren/Library/Android/sdk/ndk/27.0.12077973/toolchains/llvm/prebuilt/darwin-x86_64/sysroot/usr/lib --build-id=sha1 --no-undefined-version --fatal-warnings --no-undefined CMakeFiles/cmTC_69236.dir/OpenMPTryFlag.c.o -latomic -lm -lomp -L/Users/yizeren/Library/Android/sdk/ndk/27.0.12077973/toolchains/llvm/prebuilt/darwin-x86_64/lib /Users/yizeren/Library/Android/sdk/ndk/27.0.12077973/toolchains/llvm/prebuilt/darwin-x86_64/lib/clang/18/lib/linux/libclang_rt.builtins-i686-android.a -l:libunwind.a -ldl -lc /Users/yizeren/Library/Android/sdk/ndk/27.0.12077973/toolchains/llvm/prebuilt/darwin-x86_64/lib/clang/18/lib/linux/libclang_rt.builtins-i686-android.a -l:libunwind.a -ldl /Users/yizeren/Library/Android/sdk/ndk/27.0.12077973/toolchains/llvm/prebuilt/darwin-x86_64/sysroot/usr/lib/i686-linux-android/30/crtend_android.o]
    arg [/Users/yizeren/Library/Android/sdk/ndk/27.0.12077973/toolchains/llvm/prebuilt/darwin-x86_64/bin/ld.lld] ==> ignore
    arg [--sysroot=/Users/yizeren/Library/Android/sdk/ndk/27.0.12077973/toolchains/llvm/prebuilt/darwin-x86_64/sysroot] ==> ignore
    arg [-znow] ==> ignore
    arg [-zrelro] ==> ignore
    arg [--hash-style=gnu] ==> ignore
    arg [--eh-frame-hdr] ==> ignore
    arg [-m] ==> ignore
    arg [elf_i386] ==> ignore
    arg [-pie] ==> ignore
    arg [-dynamic-linker] ==> ignore
    arg [/system/bin/linker] ==> ignore
    arg [-o] ==> ignore
    arg [cmTC_69236] ==> ignore
    arg [-L/Users/yizeren/Library/Android/sdk/ndk/27.0.12077973/toolchains/llvm/prebuilt/darwin-x86_64/lib/clang/18/lib/linux/i386] ==> dir [/Users/yizeren/Library/Android/sdk/ndk/27.0.12077973/toolchains/llvm/prebuilt/darwin-x86_64/lib/clang/18/lib/linux/i386]
    arg [-L/Users/yizeren/Library/Android/sdk/ndk/27.0.12077973/toolchains/llvm/prebuilt/darwin-x86_64/sysroot/usr/lib/i686-linux-android/30] ==> dir [/Users/yizeren/Library/Android/sdk/ndk/27.0.12077973/toolchains/llvm/prebuilt/darwin-x86_64/sysroot/usr/lib/i686-linux-android/30]
    arg [-L/Users/yizeren/Library/Android/sdk/ndk/27.0.12077973/toolchains/llvm/prebuilt/darwin-x86_64/sysroot/usr/lib/i686-linux-android] ==> dir [/Users/yizeren/Library/Android/sdk/ndk/27.0.12077973/toolchains/llvm/prebuilt/darwin-x86_64/sysroot/usr/lib/i686-linux-android]
    arg [-L/Users/yizeren/Library/Android/sdk/ndk/27.0.12077973/toolchains/llvm/prebuilt/darwin-x86_64/sysroot/usr/lib] ==> dir [/Users/yizeren/Library/Android/sdk/ndk/27.0.12077973/toolchains/llvm/prebuilt/darwin-x86_64/sysroot/usr/lib]
    arg [--build-id=sha1] ==> ignore
    arg [--no-undefined-version] ==> ignore
    arg [--fatal-warnings] ==> ignore
    arg [--no-undefined] ==> ignore
    arg [CMakeFiles/cmTC_69236.dir/OpenMPTryFlag.c.o] ==> ignore
    arg [-latomic] ==> lib [atomic]
    arg [-lm] ==> lib [m]
    arg [-lomp] ==> lib [omp]
    arg [-L/Users/yizeren/Library/Android/sdk/ndk/27.0.12077973/toolchains/llvm/prebuilt/darwin-x86_64/lib] ==> dir [/Users/yizeren/Library/Android/sdk/ndk/27.0.12077973/toolchains/llvm/prebuilt/darwin-x86_64/lib]
    arg [/Users/yizeren/Library/Android/sdk/ndk/27.0.12077973/toolchains/llvm/prebuilt/darwin-x86_64/lib/clang/18/lib/linux/libclang_rt.builtins-i686-android.a] ==> lib [/Users/yizeren/Library/Android/sdk/ndk/27.0.12077973/toolchains/llvm/prebuilt/darwin-x86_64/lib/clang/18/lib/linux/libclang_rt.builtins-i686-android.a]
    arg [-l:libunwind.a] ==> lib [-l:libunwind.a]
    arg [-ldl] ==> lib [dl]
    arg [-lc] ==> lib [c]
    arg [/Users/yizeren/Library/Android/sdk/ndk/27.0.12077973/toolchains/llvm/prebuilt/darwin-x86_64/lib/clang/18/lib/linux/libclang_rt.builtins-i686-android.a] ==> lib [/Users/yizeren/Library/Android/sdk/ndk/27.0.12077973/toolchains/llvm/prebuilt/darwin-x86_64/lib/clang/18/lib/linux/libclang_rt.builtins-i686-android.a]
    arg [-l:libunwind.a] ==> lib [-l:libunwind.a]
    arg [-ldl] ==> lib [dl]
  remove lib [/Users/yizeren/Library/Android/sdk/ndk/27.0.12077973/toolchains/llvm/prebuilt/darwin-x86_64/lib/clang/18/lib/linux/libclang_rt.builtins-i686-android.a]
  remove lib [/Users/yizeren/Library/Android/sdk/ndk/27.0.12077973/toolchains/llvm/prebuilt/darwin-x86_64/lib/clang/18/lib/linux/libclang_rt.builtins-i686-android.a]
  collapse library dir [/Users/yizeren/Library/Android/sdk/ndk/27.0.12077973/toolchains/llvm/prebuilt/darwin-x86_64/lib/clang/18/lib/linux/i386] ==> [/Users/yizeren/Library/Android/sdk/ndk/27.0.12077973/toolchains/llvm/prebuilt/darwin-x86_64/lib/clang/18/lib/linux/i386]
  collapse library dir [/Users/yizeren/Library/Android/sdk/ndk/27.0.12077973/toolchains/llvm/prebuilt/darwin-x86_64/sysroot/usr/lib/i686-linux-android/30] ==> [/Users/yizeren/Library/Android/sdk/ndk/27.0.12077973/toolchains/llvm/prebuilt/darwin-x86_64/sysroot/usr/lib/i686-linux-android/30]
  collapse library dir [/Users/yizeren/Library/Android/sdk/ndk/27.0.12077973/toolchains/llvm/prebuilt/darwin-x86_64/sysroot/usr/lib/i686-linux-android] ==> [/Users/yizeren/Library/Android/sdk/ndk/27.0.12077973/toolchains/llvm/prebuilt/darwin-x86_64/sysroot/usr/lib/i686-linux-android]
  collapse library dir [/Users/yizeren/Library/Android/sdk/ndk/27.0.12077973/toolchains/llvm/prebuilt/darwin-x86_64/sysroot/usr/lib] ==> [/Users/yizeren/Library/Android/sdk/ndk/27.0.12077973/toolchains/llvm/prebuilt/darwin-x86_64/sysroot/usr/lib]
  collapse library dir [/Users/yizeren/Library/Android/sdk/ndk/27.0.12077973/toolchains/llvm/prebuilt/darwin-x86_64/lib] ==> [/Users/yizeren/Library/Android/sdk/ndk/27.0.12077973/toolchains/llvm/prebuilt/darwin-x86_64/lib]
  implicit libs: [atomic;m;omp;-l:libunwind.a;dl;c;-l:libunwind.a;dl]
  implicit objs: []
  implicit dirs: [/Users/yizeren/Library/Android/sdk/ndk/27.0.12077973/toolchains/llvm/prebuilt/darwin-x86_64/lib/clang/18/lib/linux/i386;/Users/yizeren/Library/Android/sdk/ndk/27.0.12077973/toolchains/llvm/prebuilt/darwin-x86_64/sysroot/usr/lib/i686-linux-android/30;/Users/yizeren/Library/Android/sdk/ndk/27.0.12077973/toolchains/llvm/prebuilt/darwin-x86_64/sysroot/usr/lib/i686-linux-android;/Users/yizeren/Library/Android/sdk/ndk/27.0.12077973/toolchains/llvm/prebuilt/darwin-x86_64/sysroot/usr/lib;/Users/yizeren/Library/Android/sdk/ndk/27.0.12077973/toolchains/llvm/prebuilt/darwin-x86_64/lib]
  implicit fwks: []


Detecting CXX OpenMP compiler ABI info compiled with the following output:
Change Dir: /Users/yizeren/AndroidSynth/app/.cxx/Debug/2k2y1623/x86/CMakeFiles/CMakeTmp

Run Build Command(s):/Users/yizeren/Library/Android/sdk/cmake/3.22.1/bin/ninja cmTC_edea0 && [1/2] Building CXX object CMakeFiles/cmTC_edea0.dir/OpenMPTryFlag.cpp.o
Android (12027248, +pgo, -bolt, +lto, -mlgo, based on r522817) clang version 18.0.1 (https://android.googlesource.com/toolchain/llvm-project d8003a456d14a3deb8054cdaa529ffbf02d9b262)
Target: i686-none-linux-android30
Thread model: posix
InstalledDir: /Users/yizeren/Library/Android/sdk/ndk/27.0.12077973/toolchains/llvm/prebuilt/darwin-x86_64/bin
 (in-process)
 "/Users/yizeren/Library/Android/sdk/ndk/27.0.12077973/toolchains/llvm/prebuilt/darwin-x86_64/bin/clang++" -cc1 -triple i686-none-linux-android30 -emit-obj -mrelax-all -disable-free -clear-ast-before-backend -disable-llvm-verifier -discard-value-names -main-file-name OpenMPTryFlag.cpp -mrelocation-model pic -pic-level 2 -pic-is-pie -mframe-pointer=all -ffp-contract=on -fno-rounding-math -mconstructor-aliases -funwind-tables=2 -target-cpu i686 -target-feature +ssse3 -tune-cpu generic -debug-info-kind=constructor -dwarf-version=4 -debugger-tuning=gdb -fdebug-compilation-dir=/Users/yizeren/AndroidSynth/app/.cxx/Debug/2k2y1623/x86/CMakeFiles/CMakeTmp -v -ffunction-sections -fdata-sections -fcoverage-compilation-dir=/Users/yizeren/AndroidSynth/app/.cxx/Debug/2k2y1623/x86/CMakeFiles/CMakeTmp -resource-dir /Users/yizeren/Library/Android/sdk/ndk/27.0.12077973/toolchains/llvm/prebuilt/darwin-x86_64/lib/clang/18 -dependency-file CMakeFiles/cmTC_edea0.dir/OpenMPTryFlag.cpp.o.d -MT CMakeFiles/cmTC_edea0.dir/OpenMPTryFlag.cpp.o -sys-header-deps -D ANDROID -D _FORTIFY_SOURCE=2 -isysroot /Users/yizeren/Library/Android/sdk/ndk/27.0.12077973/toolchains/llvm/prebuilt/darwin-x86_64/sysroot -internal-isystem /Users/yizeren/Library/Android/sdk/ndk/27.0.12077973/toolchains/llvm/prebuilt/darwin-x86_64/sysroot/usr/include/c++/v1 -internal-isystem /Users/yizeren/Library/Android/sdk/ndk/27.0.12077973/toolchains/llvm/prebuilt/darwin-x86_64/lib/clang/18/include -internal-isystem /Users/yizeren/Library/Android/sdk/ndk/27.0.12077973/toolchains/llvm/prebuilt/darwin-x86_64/sysroot/usr/local/include -internal-externc-isystem /Users/yizeren/Library/Android/sdk/ndk/27.0.12077973/toolchains/llvm/prebuilt/darwin-x86_64/sysroot/usr/include/i686-linux-android -internal-externc-isystem /Users/yizeren/Library/Android/sdk/ndk/27.0.12077973/toolchains/llvm/prebuilt/darwin-x86_64/sysroot/include -internal-externc-isystem /Users/yizeren/Library/Android/sdk/ndk/27.0.12077973/toolchains/llvm/prebuilt/darwin-x86_64/sysroot/usr/include -Wformat -Werror=format-security -std=gnu++17 -fdeprecated-macro -ferror-limit 19 -fopenmp -stack-protector 2 -fgnuc-version=4.2.1 -fcxx-exceptions -fexceptions -D__GCC_HAVE_DWARF2_CFI_ASM=1 -o CMakeFiles/cmTC_edea0.dir/OpenMPTryFlag.cpp.o -x c++ /Users/yizeren/AndroidSynth/app/.cxx/Debug/2k2y1623/x86/CMakeFiles/FindOpenMP/OpenMPTryFlag.cpp
clang -cc1 version 18.0.1 based upon LLVM 18.0.1 default target x86_64-apple-darwin24.0.0
ignoring nonexistent directory "/Users/yizeren/Library/Android/sdk/ndk/27.0.12077973/toolchains/llvm/prebuilt/darwin-x86_64/sysroot/usr/local/include"
ignoring nonexistent directory "/Users/yizeren/Library/Android/sdk/ndk/27.0.12077973/toolchains/llvm/prebuilt/darwin-x86_64/sysroot/include"
#include "..." search starts here:
#include <...> search starts here:
 /Users/yizeren/Library/Android/sdk/ndk/27.0.12077973/toolchains/llvm/prebuilt/darwin-x86_64/sysroot/usr/include/c++/v1
 /Users/yizeren/Library/Android/sdk/ndk/27.0.12077973/toolchains/llvm/prebuilt/darwin-x86_64/lib/clang/18/include
 /Users/yizeren/Library/Android/sdk/ndk/27.0.12077973/toolchains/llvm/prebuilt/darwin-x86_64/sysroot/usr/include/i686-linux-android
 /Users/yizeren/Library/Android/sdk/ndk/27.0.12077973/toolchains/llvm/prebuilt/darwin-x86_64/sysroot/usr/include
End of search list.
[2/2] Linking CXX executable cmTC_edea0
Android (12027248, +pgo, -bolt, +lto, -mlgo, based on r522817) clang version 18.0.1 (https://android.googlesource.com/toolchain/llvm-project d8003a456d14a3deb8054cdaa529ffbf02d9b262)
Target: i686-none-linux-android30
Thread model: posix
InstalledDir: /Users/yizeren/Library/Android/sdk/ndk/27.0.12077973/toolchains/llvm/prebuilt/darwin-x86_64/bin
 "/Users/yizeren/Library/Android/sdk/ndk/27.0.12077973/toolchains/llvm/prebuilt/darwin-x86_64/bin/ld.lld" --sysroot=/Users/yizeren/Library/Android/sdk/ndk/27.0.12077973/toolchains/llvm/prebuilt/darwin-x86_64/sysroot -z now -z relro --hash-style=gnu --eh-frame-hdr -m elf_i386 -pie -dynamic-linker /system/bin/linker -o cmTC_edea0 /Users/yizeren/Library/Android/sdk/ndk/27.0.12077973/toolchains/llvm/prebuilt/darwin-x86_64/sysroot/usr/lib/i686-linux-android/30/crtbegin_dynamic.o -L/Users/yizeren/Library/Android/sdk/ndk/27.0.12077973/toolchains/llvm/prebuilt/darwin-x86_64/lib/clang/18/lib/linux/i386 -L/Users/yizeren/Library/Android/sdk/ndk/27.0.12077973/toolchains/llvm/prebuilt/darwin-x86_64/sysroot/usr/lib/i686-linux-android/30 -L/Users/yizeren/Library/Android/sdk/ndk/27.0.12077973/toolchains/llvm/prebuilt/darwin-x86_64/sysroot/usr/lib/i686-linux-android -L/Users/yizeren/Library/Android/sdk/ndk/27.0.12077973/toolchains/llvm/prebuilt/darwin-x86_64/sysroot/usr/lib --build-id=sha1 --no-undefined-version --fatal-warnings --no-undefined CMakeFiles/cmTC_edea0.dir/OpenMPTryFlag.cpp.o -latomic -lm -lc++ -lm -lomp -L/Users/yizeren/Library/Android/sdk/ndk/27.0.12077973/toolchains/llvm/prebuilt/darwin-x86_64/lib /Users/yizeren/Library/Android/sdk/ndk/27.0.12077973/toolchains/llvm/prebuilt/darwin-x86_64/lib/clang/18/lib/linux/libclang_rt.builtins-i686-android.a -l:libunwind.a -ldl -lc /Users/yizeren/Library/Android/sdk/ndk/27.0.12077973/toolchains/llvm/prebuilt/darwin-x86_64/lib/clang/18/lib/linux/libclang_rt.builtins-i686-android.a -l:libunwind.a -ldl /Users/yizeren/Library/Android/sdk/ndk/27.0.12077973/toolchains/llvm/prebuilt/darwin-x86_64/sysroot/usr/lib/i686-linux-android/30/crtend_android.o



Parsed CXX OpenMP implicit link information from above output:
  link line regex: [^( *|.*[/\])(ld\.lld|CMAKE_LINK_STARTFILE-NOTFOUND|([^/\]+-)?ld|collect2)[^/\]*( |$)]
  ignore line: [Change Dir: /Users/yizeren/AndroidSynth/app/.cxx/Debug/2k2y1623/x86/CMakeFiles/CMakeTmp]
  ignore line: []
  ignore line: [Run Build Command(s):/Users/yizeren/Library/Android/sdk/cmake/3.22.1/bin/ninja cmTC_edea0 && [1/2] Building CXX object CMakeFiles/cmTC_edea0.dir/OpenMPTryFlag.cpp.o]
  ignore line: [Android (12027248  +pgo  -bolt  +lto  -mlgo  based on r522817) clang version 18.0.1 (https://android.googlesource.com/toolchain/llvm-project d8003a456d14a3deb8054cdaa529ffbf02d9b262)]
  ignore line: [Target: i686-none-linux-android30]
  ignore line: [Thread model: posix]
  ignore line: [InstalledDir: /Users/yizeren/Library/Android/sdk/ndk/27.0.12077973/toolchains/llvm/prebuilt/darwin-x86_64/bin]
  ignore line: [ (in-process)]
  ignore line: [ "/Users/yizeren/Library/Android/sdk/ndk/27.0.12077973/toolchains/llvm/prebuilt/darwin-x86_64/bin/clang++" -cc1 -triple i686-none-linux-android30 -emit-obj -mrelax-all -disable-free -clear-ast-before-backend -disable-llvm-verifier -discard-value-names -main-file-name OpenMPTryFlag.cpp -mrelocation-model pic -pic-level 2 -pic-is-pie -mframe-pointer=all -ffp-contract=on -fno-rounding-math -mconstructor-aliases -funwind-tables=2 -target-cpu i686 -target-feature +ssse3 -tune-cpu generic -debug-info-kind=constructor -dwarf-version=4 -debugger-tuning=gdb -fdebug-compilation-dir=/Users/yizeren/AndroidSynth/app/.cxx/Debug/2k2y1623/x86/CMakeFiles/CMakeTmp -v -ffunction-sections -fdata-sections -fcoverage-compilation-dir=/Users/yizeren/AndroidSynth/app/.cxx/Debug/2k2y1623/x86/CMakeFiles/CMakeTmp -resource-dir /Users/yizeren/Library/Android/sdk/ndk/27.0.12077973/toolchains/llvm/prebuilt/darwin-x86_64/lib/clang/18 -dependency-file CMakeFiles/cmTC_edea0.dir/OpenMPTryFlag.cpp.o.d -MT CMakeFiles/cmTC_edea0.dir/OpenMPTryFlag.cpp.o -sys-header-deps -D ANDROID -D _FORTIFY_SOURCE=2 -isysroot /Users/yizeren/Library/Android/sdk/ndk/27.0.12077973/toolchains/llvm/prebuilt/darwin-x86_64/sysroot -internal-isystem /Users/yizeren/Library/Android/sdk/ndk/27.0.12077973/toolchains/llvm/prebuilt/darwin-x86_64/sysroot/usr/include/c++/v1 -internal-isystem /Users/yizeren/Library/Android/sdk/ndk/27.0.12077973/toolchains/llvm/prebuilt/darwin-x86_64/lib/clang/18/include -internal-isystem /Users/yizeren/Library/Android/sdk/ndk/27.0.12077973/toolchains/llvm/prebuilt/darwin-x86_64/sysroot/usr/local/include -internal-externc-isystem /Users/yizeren/Library/Android/sdk/ndk/27.0.12077973/toolchains/llvm/prebuilt/darwin-x86_64/sysroot/usr/include/i686-linux-android -internal-externc-isystem /Users/yizeren/Library/Android/sdk/ndk/27.0.12077973/toolchains/llvm/prebuilt/darwin-x86_64/sysroot/include -internal-externc-isystem /Users/yizeren/Library/Android/sdk/ndk/27.0.12077973/toolchains/llvm/prebuilt/darwin-x86_64/sysroot/usr/include -Wformat -Werror=format-security -std=gnu++17 -fdeprecated-macro -ferror-limit 19 -fopenmp -stack-protector 2 -fgnuc-version=4.2.1 -fcxx-exceptions -fexceptions -D__GCC_HAVE_DWARF2_CFI_ASM=1 -o CMakeFiles/cmTC_edea0.dir/OpenMPTryFlag.cpp.o -x c++ /Users/yizeren/AndroidSynth/app/.cxx/Debug/2k2y1623/x86/CMakeFiles/FindOpenMP/OpenMPTryFlag.cpp]
  ignore line: [clang -cc1 version 18.0.1 based upon LLVM 18.0.1 default target x86_64-apple-darwin24.0.0]
  ignore line: [ignoring nonexistent directory "/Users/yizeren/Library/Android/sdk/ndk/27.0.12077973/toolchains/llvm/prebuilt/darwin-x86_64/sysroot/usr/local/include"]
  ignore line: [ignoring nonexistent directory "/Users/yizeren/Library/Android/sdk/ndk/27.0.12077973/toolchains/llvm/prebuilt/darwin-x86_64/sysroot/include"]
  ignore line: [#include "..." search starts here:]
  ignore line: [#include <...> search starts here:]
  ignore line: [ /Users/yizeren/Library/Android/sdk/ndk/27.0.12077973/toolchains/llvm/prebuilt/darwin-x86_64/sysroot/usr/include/c++/v1]
  ignore line: [ /Users/yizeren/Library/Android/sdk/ndk/27.0.12077973/toolchains/llvm/prebuilt/darwin-x86_64/lib/clang/18/include]
  ignore line: [ /Users/yizeren/Library/Android/sdk/ndk/27.0.12077973/toolchains/llvm/prebuilt/darwin-x86_64/sysroot/usr/include/i686-linux-android]
  ignore line: [ /Users/yizeren/Library/Android/sdk/ndk/27.0.12077973/toolchains/llvm/prebuilt/darwin-x86_64/sysroot/usr/include]
  ignore line: [End of search list.]
  ignore line: [[2/2] Linking CXX executable cmTC_edea0]
  ignore line: [Android (12027248  +pgo  -bolt  +lto  -mlgo  based on r522817) clang version 18.0.1 (https://android.googlesource.com/toolchain/llvm-project d8003a456d14a3deb8054cdaa529ffbf02d9b262)]
  ignore line: [Target: i686-none-linux-android30]
  ignore line: [Thread model: posix]
  ignore line: [InstalledDir: /Users/yizeren/Library/Android/sdk/ndk/27.0.12077973/toolchains/llvm/prebuilt/darwin-x86_64/bin]
  link line: [ "/Users/yizeren/Library/Android/sdk/ndk/27.0.12077973/toolchains/llvm/prebuilt/darwin-x86_64/bin/ld.lld" --sysroot=/Users/yizeren/Library/Android/sdk/ndk/27.0.12077973/toolchains/llvm/prebuilt/darwin-x86_64/sysroot -z now -z relro --hash-style=gnu --eh-frame-hdr -m elf_i386 -pie -dynamic-linker /system/bin/linker -o cmTC_edea0 /Users/yizeren/Library/Android/sdk/ndk/27.0.12077973/toolchains/llvm/prebuilt/darwin-x86_64/sysroot/usr/lib/i686-linux-android/30/crtbegin_dynamic.o -L/Users/yizeren/Library/Android/sdk/ndk/27.0.12077973/toolchains/llvm/prebuilt/darwin-x86_64/lib/clang/18/lib/linux/i386 -L/Users/yizeren/Library/Android/sdk/ndk/27.0.12077973/toolchains/llvm/prebuilt/darwin-x86_64/sysroot/usr/lib/i686-linux-android/30 -L/Users/yizeren/Library/Android/sdk/ndk/27.0.12077973/toolchains/llvm/prebuilt/darwin-x86_64/sysroot/usr/lib/i686-linux-android -L/Users/yizeren/Library/Android/sdk/ndk/27.0.12077973/toolchains/llvm/prebuilt/darwin-x86_64/sysroot/usr/lib --build-id=sha1 --no-undefined-version --fatal-warnings --no-undefined CMakeFiles/cmTC_edea0.dir/OpenMPTryFlag.cpp.o -latomic -lm -lc++ -lm -lomp -L/Users/yizeren/Library/Android/sdk/ndk/27.0.12077973/toolchains/llvm/prebuilt/darwin-x86_64/lib /Users/yizeren/Library/Android/sdk/ndk/27.0.12077973/toolchains/llvm/prebuilt/darwin-x86_64/lib/clang/18/lib/linux/libclang_rt.builtins-i686-android.a -l:libunwind.a -ldl -lc /Users/yizeren/Library/Android/sdk/ndk/27.0.12077973/toolchains/llvm/prebuilt/darwin-x86_64/lib/clang/18/lib/linux/libclang_rt.builtins-i686-android.a -l:libunwind.a -ldl /Users/yizeren/Library/Android/sdk/ndk/27.0.12077973/toolchains/llvm/prebuilt/darwin-x86_64/sysroot/usr/lib/i686-linux-android/30/crtend_android.o]
    arg [/Users/yizeren/Library/Android/sdk/ndk/27.0.12077973/toolchains/llvm/prebuilt/darwin-x86_64/bin/ld.lld] ==> ignore
    arg [--sysroot=/Users/yizeren/Library/Android/sdk/ndk/27.0.12077973/toolchains/llvm/prebuilt/darwin-x86_64/sysroot] ==> ignore
    arg [-znow] ==> ignore
    arg [-zrelro] ==> ignore
    arg [--hash-style=gnu] ==> ignore
    arg [--eh-frame-hdr] ==> ignore
    arg [-m] ==> ignore
    arg [elf_i386] ==> ignore
    arg [-pie] ==> ignore
    arg [-dynamic-linker] ==> ignore
    arg [/system/bin/linker] ==> ignore
    arg [-o] ==> ignore
    arg [cmTC_edea0] ==> ignore
    arg [-L/Users/yizeren/Library/Android/sdk/ndk/27.0.12077973/toolchains/llvm/prebuilt/darwin-x86_64/lib/clang/18/lib/linux/i386] ==> dir [/Users/yizeren/Library/Android/sdk/ndk/27.0.12077973/toolchains/llvm/prebuilt/darwin-x86_64/lib/clang/18/lib/linux/i386]
    arg [-L/Users/yizeren/Library/Android/sdk/ndk/27.0.12077973/toolchains/llvm/prebuilt/darwin-x86_64/sysroot/usr/lib/i686-linux-android/30] ==> dir [/Users/yizeren/Library/Android/sdk/ndk/27.0.12077973/toolchains/llvm/prebuilt/darwin-x86_64/sysroot/usr/lib/i686-linux-android/30]
    arg [-L/Users/yizeren/Library/Android/sdk/ndk/27.0.12077973/toolchains/llvm/prebuilt/darwin-x86_64/sysroot/usr/lib/i686-linux-android] ==> dir [/Users/yizeren/Library/Android/sdk/ndk/27.0.12077973/toolchains/llvm/prebuilt/darwin-x86_64/sysroot/usr/lib/i686-linux-android]
    arg [-L/Users/yizeren/Library/Android/sdk/ndk/27.0.12077973/toolchains/llvm/prebuilt/darwin-x86_64/sysroot/usr/lib] ==> dir [/Users/yizeren/Library/Android/sdk/ndk/27.0.12077973/toolchains/llvm/prebuilt/darwin-x86_64/sysroot/usr/lib]
    arg [--build-id=sha1] ==> ignore
    arg [--no-undefined-version] ==> ignore
    arg [--fatal-warnings] ==> ignore
    arg [--no-undefined] ==> ignore
    arg [CMakeFiles/cmTC_edea0.dir/OpenMPTryFlag.cpp.o] ==> ignore
    arg [-latomic] ==> lib [atomic]
    arg [-lm] ==> lib [m]
    arg [-lc++] ==> lib [c++]
    arg [-lm] ==> lib [m]
    arg [-lomp] ==> lib [omp]
    arg [-L/Users/yizeren/Library/Android/sdk/ndk/27.0.12077973/toolchains/llvm/prebuilt/darwin-x86_64/lib] ==> dir [/Users/yizeren/Library/Android/sdk/ndk/27.0.12077973/toolchains/llvm/prebuilt/darwin-x86_64/lib]
    arg [/Users/yizeren/Library/Android/sdk/ndk/27.0.12077973/toolchains/llvm/prebuilt/darwin-x86_64/lib/clang/18/lib/linux/libclang_rt.builtins-i686-android.a] ==> lib [/Users/yizeren/Library/Android/sdk/ndk/27.0.12077973/toolchains/llvm/prebuilt/darwin-x86_64/lib/clang/18/lib/linux/libclang_rt.builtins-i686-android.a]
    arg [-l:libunwind.a] ==> lib [-l:libunwind.a]
    arg [-ldl] ==> lib [dl]
    arg [-lc] ==> lib [c]
    arg [/Users/yizeren/Library/Android/sdk/ndk/27.0.12077973/toolchains/llvm/prebuilt/darwin-x86_64/lib/clang/18/lib/linux/libclang_rt.builtins-i686-android.a] ==> lib [/Users/yizeren/Library/Android/sdk/ndk/27.0.12077973/toolchains/llvm/prebuilt/darwin-x86_64/lib/clang/18/lib/linux/libclang_rt.builtins-i686-android.a]
    arg [-l:libunwind.a] ==> lib [-l:libunwind.a]
    arg [-ldl] ==> lib [dl]
  remove lib [/Users/yizeren/Library/Android/sdk/ndk/27.0.12077973/toolchains/llvm/prebuilt/darwin-x86_64/lib/clang/18/lib/linux/libclang_rt.builtins-i686-android.a]
  remove lib [/Users/yizeren/Library/Android/sdk/ndk/27.0.12077973/toolchains/llvm/prebuilt/darwin-x86_64/lib/clang/18/lib/linux/libclang_rt.builtins-i686-android.a]
  collapse library dir [/Users/yizeren/Library/Android/sdk/ndk/27.0.12077973/toolchains/llvm/prebuilt/darwin-x86_64/lib/clang/18/lib/linux/i386] ==> [/Users/yizeren/Library/Android/sdk/ndk/27.0.12077973/toolchains/llvm/prebuilt/darwin-x86_64/lib/clang/18/lib/linux/i386]
  collapse library dir [/Users/yizeren/Library/Android/sdk/ndk/27.0.12077973/toolchains/llvm/prebuilt/darwin-x86_64/sysroot/usr/lib/i686-linux-android/30] ==> [/Users/yizeren/Library/Android/sdk/ndk/27.0.12077973/toolchains/llvm/prebuilt/darwin-x86_64/sysroot/usr/lib/i686-linux-android/30]
  collapse library dir [/Users/yizeren/Library/Android/sdk/ndk/27.0.12077973/toolchains/llvm/prebuilt/darwin-x86_64/sysroot/usr/lib/i686-linux-android] ==> [/Users/yizeren/Library/Android/sdk/ndk/27.0.12077973/toolchains/llvm/prebuilt/darwin-x86_64/sysroot/usr/lib/i686-linux-android]
  collapse library dir [/Users/yizeren/Library/Android/sdk/ndk/27.0.12077973/toolchains/llvm/prebuilt/darwin-x86_64/sysroot/usr/lib] ==> [/Users/yizeren/Library/Android/sdk/ndk/27.0.12077973/toolchains/llvm/prebuilt/darwin-x86_64/sysroot/usr/lib]
  collapse library dir [/Users/yizeren/Library/Android/sdk/ndk/27.0.12077973/toolchains/llvm/prebuilt/darwin-x86_64/lib] ==> [/Users/yizeren/Library/Android/sdk/ndk/27.0.12077973/toolchains/llvm/prebuilt/darwin-x86_64/lib]
  implicit libs: [atomic;m;c++;m;omp;-l:libunwind.a;dl;c;-l:libunwind.a;dl]
  implicit objs: []
  implicit dirs: [/Users/yizeren/Library/Android/sdk/ndk/27.0.12077973/toolchains/llvm/prebuilt/darwin-x86_64/lib/clang/18/lib/linux/i386;/Users/yizeren/Library/Android/sdk/ndk/27.0.12077973/toolchains/llvm/prebuilt/darwin-x86_64/sysroot/usr/lib/i686-linux-android/30;/Users/yizeren/Library/Android/sdk/ndk/27.0.12077973/toolchains/llvm/prebuilt/darwin-x86_64/sysroot/usr/lib/i686-linux-android;/Users/yizeren/Library/Android/sdk/ndk/27.0.12077973/toolchains/llvm/prebuilt/darwin-x86_64/sysroot/usr/lib;/Users/yizeren/Library/Android/sdk/ndk/27.0.12077973/toolchains/llvm/prebuilt/darwin-x86_64/lib]
  implicit fwks: []


